[2026-08-03 22:00:03] ==========================================
[2026-08-03 22:00:03] SHADOW CRON START (perf-rolling + memo)
[2026-08-03 22:00:03] ==========================================
[2026-08-03 22:00:03] [1/2] Run shadow_perf_rolling_j30.py ...
==============================================================================
SHADOW PERF ROLLING J-30
DB        : C:\Users\RichardGUELIN\Prod\ThesiumDesk\thesium.db
Window    : 2026-07-04 -> 2026-08-03 (30 jours)
==============================================================================

Variants actifs : [(1, 'prod'), (2, 'tight_conv'), (3, 'loose_score'), (4, 'defensive_crypto')]

[1/2] Compute baseline (variant_id=1 = prod)
  prod : nav_final=739514.9287256338 return=-26.049% sharpe=0.5773014296096461 max_dd=-44.261% n_cyc=18 n_ord=99

[2/2] Compute variants + insert

  v1 (prod) : ret=-26.049% delta=0.000% sharpe=0.577 dd=-44.261% n_cyc=18 n_ord=99 reco=neutral
  v2 (tight_conv) : ret=-31.533% delta=-5.485% sharpe=0.121 dd=-41.869% n_cyc=18 n_ord=99 reco=reject
  v3 (loose_score) : ret=-26.735% delta=-0.687% sharpe=0.605 dd=-44.938% n_cyc=18 n_ord=99 reco=neutral
  v4 (defensive_crypto) : ret=-24.718% delta=1.331% sharpe=0.697 dd=-43.683% n_cyc=18 n_ord=99 reco=champion

==============================================================================
PERF ROLLING DONE
  rows inserted : 4
  as_of_day     : 2026-08-03
  window_days   : 30
==============================================================================
[2026-08-03 22:00:03] [1/2] exit=0
[2026-08-03 22:00:03] [2/2] Run shadow_memo_generator.py --force ...
======================================================================
SHADOW MEMO GENERATOR - Jalon 9.5b
DB : C:\Users\RichardGUELIN\Prod\ThesiumDesk\thesium.db
Force : True | Variant filter : None
======================================================================
as_of_day : 2026-08-03 | rows a traiter : 4

[VARIANT 1] prod
[PPLX-shadow_memo_prod] OK en 5.5s, 20 sources
    | VERDICT : Neutre: aucune amÚlioration vs prod
    | 
    | JUSTIFICATION

[VARIANT 2] tight_conv
[PPLX-shadow_memo_tight_conv] OK en 5.6s, 20 sources
    | VERDICT : Sous-performe la prod; rejet recommandÚ.
    | 
    | JUSTIFICATION

[VARIANT 3] loose_score
[PPLX-shadow_memo_loose_score] OK en 4.5s, 20 sources
    | VERDICT : LÚgÞrement mieux en Sharpe, mais pas assez pour promouvoir
    | 
    | JUSTIFICATION

[VARIANT 4] defensive_crypto
[PPLX-shadow_memo_defensive_crypto] OK en 5.7s, 20 sources
    | VERDICT : AmÚlioration insuffisante, observation Ó prolonger
    | 
    | JUSTIFICATION

======================================================================
OK : 4 | SKIP : 0 | ERR : 0
======================================================================
[2026-08-03 22:00:26] [2/2] exit=0
[2026-08-03 22:00:26] SHADOW CRON END (exit perf=0 memo=0)
