[2026-07-06 22:00:02] ==========================================
[2026-07-06 22:00:02] SHADOW CRON START (perf-rolling + memo)
[2026-07-06 22:00:02] ==========================================
[2026-07-06 22:00:02] [1/2] Run shadow_perf_rolling_j30.py ...
==============================================================================
SHADOW PERF ROLLING J-30
DB        : C:\Users\RichardGUELIN\Prod\ThesiumDesk\thesium.db
Window    : 2026-06-06 -> 2026-07-06 (30 jours)
==============================================================================

Variants actifs : [(1, 'prod'), (2, 'tight_conv'), (3, 'loose_score'), (4, 'defensive_crypto')]

[1/2] Compute baseline (variant_id=1 = prod)
  prod : nav_final=848672.6932170056 return=-15.133% sharpe=-2.4243673166751587 max_dd=-41.489% n_cyc=14 n_ord=111

[2/2] Compute variants + insert

  v1 (prod) : ret=-15.133% delta=0.000% sharpe=-2.424 dd=-41.489% n_cyc=14 n_ord=111 reco=neutral
  v2 (tight_conv) : ret=-13.904% delta=1.228% sharpe=-2.393 dd=-42.251% n_cyc=14 n_ord=122 reco=champion
  v3 (loose_score) : ret=-15.361% delta=-0.229% sharpe=-2.372 dd=-41.822% n_cyc=14 n_ord=112 reco=neutral
  v4 (defensive_crypto) : ret=-15.500% delta=-0.367% sharpe=-2.421 dd=-41.668% n_cyc=14 n_ord=111 reco=neutral

==============================================================================
PERF ROLLING DONE
  rows inserted : 4
  as_of_day     : 2026-07-06
  window_days   : 30
==============================================================================
[2026-07-06 22:00:02] [1/2] exit=0
[2026-07-06 22:00:02] [2/2] Run shadow_memo_generator.py --force ...
======================================================================
SHADOW MEMO GENERATOR - Jalon 9.5b
DB : C:\Users\RichardGUELIN\Prod\ThesiumDesk\thesium.db
Force : True | Variant filter : None
======================================================================
as_of_day : 2026-07-06 | rows a traiter : 4

[VARIANT 1] prod
[PPLX-shadow_memo_prod] OK en 4.0s, 8 sources
    | VERDICT : Variante identique Ó la prod : neutral, observation continue requise.
    | 
    | JUSTIFICATION

[VARIANT 2] tight_conv
[PPLX-shadow_memo_tight_conv] OK en 4.5s, 9 sources
    | VERDICT : Variante championne en retour mais DD accru; observation requise pour valider robustesse.
    | 
    | JUSTIFICATION

[VARIANT 3] loose_score
[PPLX-shadow_memo_loose_score] OK en 4.4s, 8 sources
    | VERDICT : Variante 'loose_score' : neutral, delta nÚgatif mineur, Sharpe lÚgÞrement meilleur mais non significatif.
    | 
    | JUSTIFICATION

[VARIANT 4] defensive_crypto
[PPLX-shadow_memo_defensive_crypto] OK en 4.2s, 7 sources
    | VERDICT : Neutral : delta -0,367 pts, Sharpe identique, DD lÚgÞrement plus ÚlevÚ, observation continue recommande.
    | 
    | JUSTIFICATION

======================================================================
OK : 4 | SKIP : 0 | ERR : 0
======================================================================
[2026-07-06 22:00:21] [2/2] exit=0
[2026-07-06 22:00:21] SHADOW CRON END (exit perf=0 memo=0)
