[2026-08-18 22:00:03] ==========================================
[2026-08-18 22:00:03] SHADOW CRON START (perf-rolling + memo)
[2026-08-18 22:00:03] ==========================================
[2026-08-18 22:00:03] [1/2] Run shadow_perf_rolling_j30.py ...
==============================================================================
SHADOW PERF ROLLING J-30
DB        : C:\Users\RichardGUELIN\Prod\ThesiumDesk\thesium.db
Window    : 2026-07-19 -> 2026-08-18 (30 jours)
==============================================================================

Variants actifs : [(1, 'prod'), (2, 'tight_conv'), (3, 'loose_score'), (4, 'defensive_crypto')]

[1/2] Compute baseline (variant_id=1 = prod)
  prod : nav_final=259112.45247310027 return=-74.089% sharpe=-1.8207433686025973 max_dd=-71.449% n_cyc=19 n_ord=139

[2/2] Compute variants + insert

  v1 (prod) : ret=-74.089% delta=0.000% sharpe=-1.821 dd=-71.449% n_cyc=19 n_ord=139 reco=neutral
  v2 (tight_conv) : ret=-73.895% delta=0.194% sharpe=-2.072 dd=-70.861% n_cyc=19 n_ord=141 reco=neutral
  v3 (loose_score) : ret=-75.030% delta=-0.941% sharpe=-1.775 dd=-72.376% n_cyc=19 n_ord=139 reco=neutral
  v4 (defensive_crypto) : ret=-73.819% delta=0.269% sharpe=-1.716 dd=-71.828% n_cyc=19 n_ord=139 reco=neutral

==============================================================================
PERF ROLLING DONE
  rows inserted : 4
  as_of_day     : 2026-08-18
  window_days   : 30
==============================================================================
[2026-08-18 22:00:03] [1/2] exit=0
[2026-08-18 22:00:03] [2/2] Run shadow_memo_generator.py --force ...
======================================================================
SHADOW MEMO GENERATOR - Jalon 9.5b
DB : C:\Users\RichardGUELIN\Prod\ThesiumDesk\thesium.db
Force : True | Variant filter : None
======================================================================
as_of_day : 2026-08-18 | rows a traiter : 4

[VARIANT 1] prod
[PPLX-shadow_memo_prod] OK en 5.2s, 0 sources
    | VERDICT : Aucune amÚlioration vs prod; observation prolongÚe
    | 
    | JUSTIFICATION

[VARIANT 2] tight_conv
[PPLX-shadow_memo_tight_conv] OK en 2.6s, 0 sources
    | VERDICT : LÚger mieux en retour, mais Sharpe en baisse
    | 
    | JUSTIFICATION

[VARIANT 3] loose_score
[PPLX-shadow_memo_loose_score] OK en 2.7s, 0 sources
    | VERDICT : Neutral, lÚgÞre sous-performance et risque accru
    | 
    | JUSTIFICATION

[VARIANT 4] defensive_crypto
[PPLX-shadow_memo_defensive_crypto] OK en 2.3s, 0 sources
    | VERDICT : LÚger mieux, mais pas assez robuste pour promouvoir
    | 
    | JUSTIFICATION

======================================================================
OK : 4 | SKIP : 0 | ERR : 0
======================================================================
[2026-08-18 22:00:18] [2/2] exit=0
[2026-08-18 22:00:18] SHADOW CRON END (exit perf=0 memo=0)
