[2026-07-28 22:00:02] ==========================================
[2026-07-28 22:00:02] SHADOW CRON START (perf-rolling + memo)
[2026-07-28 22:00:02] ==========================================
[2026-07-28 22:00:02] [1/2] Run shadow_perf_rolling_j30.py ...
==============================================================================
SHADOW PERF ROLLING J-30
DB        : C:\Users\RichardGUELIN\Prod\ThesiumDesk\thesium.db
Window    : 2026-06-28 -> 2026-07-28 (30 jours)
==============================================================================

Variants actifs : [(1, 'prod'), (2, 'tight_conv'), (3, 'loose_score'), (4, 'defensive_crypto')]

[1/2] Compute baseline (variant_id=1 = prod)
  prod : nav_final=801160.4042724678 return=-19.884% sharpe=-0.8411381003441586 max_dd=-59.373% n_cyc=19 n_ord=101

[2/2] Compute variants + insert

  v1 (prod) : ret=-19.884% delta=0.000% sharpe=-0.841 dd=-59.373% n_cyc=19 n_ord=101 reco=neutral
  v2 (tight_conv) : ret=-11.491% delta=8.393% sharpe=-0.603 dd=-57.438% n_cyc=19 n_ord=101 reco=champion
  v3 (loose_score) : ret=-20.258% delta=-0.375% sharpe=-0.790 dd=-60.134% n_cyc=19 n_ord=101 reco=neutral
  v4 (defensive_crypto) : ret=-18.045% delta=1.839% sharpe=-0.673 dd=-59.034% n_cyc=19 n_ord=101 reco=champion

==============================================================================
PERF ROLLING DONE
  rows inserted : 4
  as_of_day     : 2026-07-28
  window_days   : 30
==============================================================================
[2026-07-28 22:00:02] [1/2] exit=0
[2026-07-28 22:00:02] [2/2] Run shadow_memo_generator.py --force ...
======================================================================
SHADOW MEMO GENERATOR - Jalon 9.5b
DB : C:\Users\RichardGUELIN\Prod\ThesiumDesk\thesium.db
Force : True | Variant filter : None
======================================================================
as_of_day : 2026-07-28 | rows a traiter : 4

[VARIANT 1] prod
[PPLX-shadow_memo_prod] OK en 6.8s, 2 sources
    | VERDICT : Aucun avantage vs prod; signal neutre, Ó surveiller
    | 
    | JUSTIFICATION

[VARIANT 2] tight_conv
[PPLX-shadow_memo_tight_conv] OK en 4.1s, 6 sources
    | VERDICT : Mieux que la prod, mais pas encore assez robuste
    | 
    | JUSTIFICATION

[VARIANT 3] loose_score
[PPLX-shadow_memo_loose_score] OK en 5.5s, 4 sources
    | VERDICT : Neutral: lÚger mieux en Sharpe, mais retour et DD dÚgradÚs
    | 
    | JUSTIFICATION

[VARIANT 4] defensive_crypto
[PPLX-shadow_memo_defensive_crypto] OK en 5.2s, 14 sources
    | VERDICT : Mieux que la prod, mais pas assez robuste pour promouvoir
    | 
    | JUSTIFICATION

======================================================================
OK : 4 | SKIP : 0 | ERR : 0
======================================================================
[2026-07-28 22:00:26] [2/2] exit=0
[2026-07-28 22:00:26] SHADOW CRON END (exit perf=0 memo=0)
