[2026-08-09 22:00:02] ==========================================
[2026-08-09 22:00:02] SHADOW CRON START (perf-rolling + memo)
[2026-08-09 22:00:02] ==========================================
[2026-08-09 22:00:02] [1/2] Run shadow_perf_rolling_j30.py ...
==============================================================================
SHADOW PERF ROLLING J-30
DB        : C:\Users\RichardGUELIN\Prod\ThesiumDesk\thesium.db
Window    : 2026-07-10 -> 2026-08-09 (30 jours)
==============================================================================

Variants actifs : [(1, 'prod'), (2, 'tight_conv'), (3, 'loose_score'), (4, 'defensive_crypto')]

[1/2] Compute baseline (variant_id=1 = prod)
  prod : nav_final=644075.2850781996 return=-35.592% sharpe=-0.17943045830187865 max_dd=-43.378% n_cyc=21 n_ord=128

[2/2] Compute variants + insert

  v1 (prod) : ret=-35.592% delta=0.000% sharpe=-0.179 dd=-43.378% n_cyc=21 n_ord=128 reco=neutral
  v2 (tight_conv) : ret=-39.050% delta=-3.457% sharpe=-0.544 dd=-40.459% n_cyc=21 n_ord=129 reco=reject
  v3 (loose_score) : ret=-36.580% delta=-0.988% sharpe=-0.138 dd=-43.863% n_cyc=21 n_ord=128 reco=neutral
  v4 (defensive_crypto) : ret=-34.775% delta=0.817% sharpe=-0.056 dd=-42.808% n_cyc=21 n_ord=128 reco=neutral

==============================================================================
PERF ROLLING DONE
  rows inserted : 4
  as_of_day     : 2026-08-09
  window_days   : 30
==============================================================================
[2026-08-09 22:00:03] [1/2] exit=0
[2026-08-09 22:00:03] [2/2] Run shadow_memo_generator.py --force ...
======================================================================
SHADOW MEMO GENERATOR - Jalon 9.5b
DB : C:\Users\RichardGUELIN\Prod\ThesiumDesk\thesium.db
Force : True | Variant filter : None
======================================================================
as_of_day : 2026-08-09 | rows a traiter : 4

[VARIANT 1] prod
[PPLX-shadow_memo_prod] OK en 5.8s, 20 sources
    | VERDICT : Neutre : aucune amÚlioration vs prod
    | 
    | JUSTIFICATION

[VARIANT 2] tight_conv
[PPLX-shadow_memo_tight_conv] OK en 3.6s, 20 sources
    | VERDICT : Sous-performe la prod, Sharpe en baisse: rejet
    | 
    | JUSTIFICATION

[VARIANT 3] loose_score
[PPLX-shadow_memo_loose_score] OK en 4.2s, 16 sources
    | VERDICT : Neutral: lÚgÞre sous-performance, Sharpe un peu mieux
    | 
    | JUSTIFICATION

[VARIANT 4] defensive_crypto
[PPLX-shadow_memo_defensive_crypto] OK en 6.6s, 20 sources
    | VERDICT : Neutral: lÚger mieux, mais signal encore insuffisant
    | 
    | JUSTIFICATION

======================================================================
OK : 4 | SKIP : 0 | ERR : 0
======================================================================
[2026-08-09 22:00:25] [2/2] exit=0
[2026-08-09 22:00:25] SHADOW CRON END (exit perf=0 memo=0)
