[2026-08-24 22:00:03] ==========================================
[2026-08-24 22:00:03] SHADOW CRON START (perf-rolling + memo)
[2026-08-24 22:00:03] ==========================================
[2026-08-24 22:00:03] [1/2] Run shadow_perf_rolling_j30.py ...
==============================================================================
SHADOW PERF ROLLING J-30
DB        : C:\Users\RichardGUELIN\Prod\ThesiumDesk\thesium.db
Window    : 2026-07-25 -> 2026-08-24 (30 jours)
==============================================================================

Variants actifs : [(1, 'prod'), (2, 'tight_conv'), (3, 'loose_score'), (4, 'defensive_crypto')]

[1/2] Compute baseline (variant_id=1 = prod)
  prod : nav_final=-2089419.845230531 return=-308.942% sharpe=-3.6428394312822925 max_dd=-340.970% n_cyc=20 n_ord=134

[2/2] Compute variants + insert

  v1 (prod) : ret=-308.942% delta=0.000% sharpe=-3.643 dd=-340.970% n_cyc=20 n_ord=134 reco=neutral
  v2 (tight_conv) : ret=-309.451% delta=-0.509% sharpe=-3.731 dd=-347.398% n_cyc=20 n_ord=136 reco=neutral
  v3 (loose_score) : ret=-313.456% delta=-4.514% sharpe=-3.631 dd=-345.831% n_cyc=20 n_ord=134 reco=reject
  v4 (defensive_crypto) : ret=-317.336% delta=-8.394% sharpe=-3.631 dd=-342.376% n_cyc=20 n_ord=134 reco=reject

==============================================================================
PERF ROLLING DONE
  rows inserted : 4
  as_of_day     : 2026-08-24
  window_days   : 30
==============================================================================
[2026-08-24 22:00:03] [1/2] exit=0
[2026-08-24 22:00:03] [2/2] Run shadow_memo_generator.py --force ...
======================================================================
SHADOW MEMO GENERATOR - Jalon 9.5b
DB : C:\Users\RichardGUELIN\Prod\ThesiumDesk\thesium.db
Force : True | Variant filter : None
======================================================================
as_of_day : 2026-08-24 | rows a traiter : 4

[VARIANT 1] prod
[PPLX-shadow_memo_prod] OK en 5.1s, 0 sources
    | VERDICT : Neutre: aucune amÚlioration vs prod
    | 
    | JUSTIFICATION

[VARIANT 2] tight_conv
[PPLX-shadow_memo_tight_conv] OK en 3.8s, 0 sources
    | VERDICT : Sous-performe lÚgÞrement, risque accru, observation continue
    | 
    | JUSTIFICATION

[VARIANT 3] loose_score
[PPLX-shadow_memo_loose_score] OK en 4.2s, 0 sources
    | VERDICT : Sous-performe la prod, risque accru, rejet
    | 
    | JUSTIFICATION

[VARIANT 4] defensive_crypto
[PPLX-shadow_memo_defensive_crypto] OK en 4.6s, 0 sources
    | VERDICT : Sous-performante, rejet recommandÚ
    | 
    | JUSTIFICATION

======================================================================
OK : 4 | SKIP : 0 | ERR : 0
======================================================================
[2026-08-24 22:00:23] [2/2] exit=0
[2026-08-24 22:00:23] SHADOW CRON END (exit perf=0 memo=0)
