[2026-07-31 22:00:02] ==========================================
[2026-07-31 22:00:02] SHADOW CRON START (perf-rolling + memo)
[2026-07-31 22:00:02] ==========================================
[2026-07-31 22:00:02] [1/2] Run shadow_perf_rolling_j30.py ...
==============================================================================
SHADOW PERF ROLLING J-30
DB        : C:\Users\RichardGUELIN\Prod\ThesiumDesk\thesium.db
Window    : 2026-07-01 -> 2026-07-31 (30 jours)
==============================================================================

Variants actifs : [(1, 'prod'), (2, 'tight_conv'), (3, 'loose_score'), (4, 'defensive_crypto')]

[1/2] Compute baseline (variant_id=1 = prod)
  prod : nav_final=831482.9605606664 return=-16.852% sharpe=-0.2415234651803968 max_dd=-53.442% n_cyc=19 n_ord=102

[2/2] Compute variants + insert

  v1 (prod) : ret=-16.852% delta=0.000% sharpe=-0.242 dd=-53.442% n_cyc=19 n_ord=102 reco=neutral
  v2 (tight_conv) : ret=-19.064% delta=-2.212% sharpe=-0.498 dd=-51.171% n_cyc=19 n_ord=102 reco=reject
  v3 (loose_score) : ret=-17.177% delta=-0.325% sharpe=-0.193 dd=-54.255% n_cyc=19 n_ord=102 reco=neutral
  v4 (defensive_crypto) : ret=-14.818% delta=2.034% sharpe=-0.088 dd=-53.024% n_cyc=19 n_ord=102 reco=champion

==============================================================================
PERF ROLLING DONE
  rows inserted : 4
  as_of_day     : 2026-07-31
  window_days   : 30
==============================================================================
[2026-07-31 22:00:02] [1/2] exit=0
[2026-07-31 22:00:02] [2/2] Run shadow_memo_generator.py --force ...
======================================================================
SHADOW MEMO GENERATOR - Jalon 9.5b
DB : C:\Users\RichardGUELIN\Prod\ThesiumDesk\thesium.db
Force : True | Variant filter : None
======================================================================
as_of_day : 2026-07-31 | rows a traiter : 4

[VARIANT 1] prod
[PPLX-shadow_memo_prod] OK en 6.0s, 20 sources
    | VERDICT : NeutralitÚ stricte, aucun avantage mesurable
    | 
    | JUSTIFICATION

[VARIANT 2] tight_conv
[PPLX-shadow_memo_tight_conv] OK en 3.6s, 20 sources
    | VERDICT : Rejet: sous-performe la prod et dÚgrade le Sharpe
    | 
    | JUSTIFICATION

[VARIANT 3] loose_score
[PPLX-shadow_memo_loose_score] OK en 3.6s, 20 sources
    | VERDICT : LÚgÞre amÚlioration du Sharpe, mais pas assez pour promouvoir
    | 
    | JUSTIFICATION

[VARIANT 4] defensive_crypto
[PPLX-shadow_memo_defensive_crypto] OK en 5.3s, 19 sources
    | VERDICT : Mieux que la prod, mais pas assez robuste pour promouvoir
    | 
    | JUSTIFICATION

======================================================================
OK : 4 | SKIP : 0 | ERR : 0
======================================================================
[2026-07-31 22:00:23] [2/2] exit=0
[2026-07-31 22:00:23] SHADOW CRON END (exit perf=0 memo=0)
