[2026-08-10 22:00:02] ==========================================
[2026-08-10 22:00:02] SHADOW CRON START (perf-rolling + memo)
[2026-08-10 22:00:02] ==========================================
[2026-08-10 22:00:02] [1/2] Run shadow_perf_rolling_j30.py ...
==============================================================================
SHADOW PERF ROLLING J-30
DB        : C:\Users\RichardGUELIN\Prod\ThesiumDesk\thesium.db
Window    : 2026-07-11 -> 2026-08-10 (30 jours)
==============================================================================

Variants actifs : [(1, 'prod'), (2, 'tight_conv'), (3, 'loose_score'), (4, 'defensive_crypto')]

[1/2] Compute baseline (variant_id=1 = prod)
  prod : nav_final=767373.7956489604 return=-23.263% sharpe=0.34729294607006894 max_dd=-43.378% n_cyc=22 n_ord=134

[2/2] Compute variants + insert

  v1 (prod) : ret=-23.263% delta=0.000% sharpe=0.347 dd=-43.378% n_cyc=22 n_ord=134 reco=neutral
  v2 (tight_conv) : ret=-27.368% delta=-4.105% sharpe=0.009 dd=-40.459% n_cyc=22 n_ord=135 reco=reject
  v3 (loose_score) : ret=-24.045% delta=-0.782% sharpe=0.397 dd=-43.863% n_cyc=22 n_ord=134 reco=neutral
  v4 (defensive_crypto) : ret=-22.152% delta=1.111% sharpe=0.464 dd=-42.808% n_cyc=22 n_ord=134 reco=champion

==============================================================================
PERF ROLLING DONE
  rows inserted : 4
  as_of_day     : 2026-08-10
  window_days   : 30
==============================================================================
[2026-08-10 22:00:02] [1/2] exit=0
[2026-08-10 22:00:02] [2/2] Run shadow_memo_generator.py --force ...
======================================================================
SHADOW MEMO GENERATOR - Jalon 9.5b
DB : C:\Users\RichardGUELIN\Prod\ThesiumDesk\thesium.db
Force : True | Variant filter : None
======================================================================
as_of_day : 2026-08-10 | rows a traiter : 4

[VARIANT 1] prod
[PPLX-shadow_memo_prod] OK en 6.9s, 20 sources
    | VERDICT : Neutre : aucune amÚlioration vs prod
    | 
    | JUSTIFICATION

[VARIANT 2] tight_conv
[PPLX-shadow_memo_tight_conv] OK en 4.0s, 20 sources
    | VERDICT : Rejet: sous-performe et Sharpe quasi nul
    | 
    | JUSTIFICATION

[VARIANT 3] loose_score
[PPLX-shadow_memo_loose_score] OK en 7.7s, 20 sources
    | VERDICT : Sharpe mieux, mais retour et DD restent pires.
    | 
    | JUSTIFICATION

[VARIANT 4] defensive_crypto
[PPLX-shadow_memo_defensive_crypto] OK en 4.8s, 20 sources
    | VERDICT : LÚgÞre amÚlioration, pas assez robuste pour promotion
    | 
    | JUSTIFICATION

======================================================================
OK : 4 | SKIP : 0 | ERR : 0
======================================================================
[2026-08-10 22:00:27] [2/2] exit=0
[2026-08-10 22:00:27] SHADOW CRON END (exit perf=0 memo=0)
