[2026-08-21 22:00:02] ==========================================
[2026-08-21 22:00:02] SHADOW CRON START (perf-rolling + memo)
[2026-08-21 22:00:02] ==========================================
[2026-08-21 22:00:02] [1/2] Run shadow_perf_rolling_j30.py ...
==============================================================================
SHADOW PERF ROLLING J-30
DB        : C:\Users\RichardGUELIN\Prod\ThesiumDesk\thesium.db
Window    : 2026-07-22 -> 2026-08-21 (30 jours)
==============================================================================

Variants actifs : [(1, 'prod'), (2, 'tight_conv'), (3, 'loose_score'), (4, 'defensive_crypto')]

[1/2] Compute baseline (variant_id=1 = prod)
  prod : nav_final=-1918706.4183204882 return=-291.871% sharpe=-3.2230484753988717 max_dd=-311.417% n_cyc=21 n_ord=146

[2/2] Compute variants + insert

  v1 (prod) : ret=-291.871% delta=0.000% sharpe=-3.223 dd=-311.417% n_cyc=21 n_ord=146 reco=neutral
  v2 (tight_conv) : ret=-291.920% delta=-0.049% sharpe=-3.268 dd=-314.225% n_cyc=21 n_ord=148 reco=neutral
  v3 (loose_score) : ret=-294.674% delta=-2.804% sharpe=-3.214 dd=-315.370% n_cyc=21 n_ord=146 reco=reject
  v4 (defensive_crypto) : ret=-297.086% delta=-5.215% sharpe=-3.208 dd=-312.073% n_cyc=21 n_ord=146 reco=reject

==============================================================================
PERF ROLLING DONE
  rows inserted : 4
  as_of_day     : 2026-08-21
  window_days   : 30
==============================================================================
[2026-08-21 22:00:02] [1/2] exit=0
[2026-08-21 22:00:02] [2/2] Run shadow_memo_generator.py --force ...
======================================================================
SHADOW MEMO GENERATOR - Jalon 9.5b
DB : C:\Users\RichardGUELIN\Prod\ThesiumDesk\thesium.db
Force : True | Variant filter : None
======================================================================
as_of_day : 2026-08-21 | rows a traiter : 4

[VARIANT 1] prod
[PPLX-shadow_memo_prod] OK en 8.6s, 0 sources
    | VERDICT : Neutre : aucune amÚlioration vs prod
    | 
    | JUSTIFICATION

[VARIANT 2] tight_conv
[PPLX-shadow_memo_tight_conv] OK en 6.9s, 0 sources
    | VERDICT : Neutre, lÚgÞre dÚgradation du risque
    | 
    | JUSTIFICATION

[VARIANT 3] loose_score
[PPLX-shadow_memo_loose_score] OK en 4.7s, 0 sources
    | VERDICT : Sous-performe et dÚgrade le drawdown
    | 
    | JUSTIFICATION

[VARIANT 4] defensive_crypto
[PPLX-shadow_memo_defensive_crypto] OK en 2.6s, 0 sources
    | VERDICT : Sous-performe la prod, sans gain de risque
    | 
    | JUSTIFICATION

======================================================================
OK : 4 | SKIP : 0 | ERR : 0
======================================================================
[2026-08-21 22:00:27] [2/2] exit=0
[2026-08-21 22:00:27] SHADOW CRON END (exit perf=0 memo=0)
