[2026-08-06 22:00:03] ==========================================
[2026-08-06 22:00:03] SHADOW CRON START (perf-rolling + memo)
[2026-08-06 22:00:03] ==========================================
[2026-08-06 22:00:03] [1/2] Run shadow_perf_rolling_j30.py ...
==============================================================================
SHADOW PERF ROLLING J-30
DB        : C:\Users\RichardGUELIN\Prod\ThesiumDesk\thesium.db
Window    : 2026-07-07 -> 2026-08-06 (30 jours)
==============================================================================

Variants actifs : [(1, 'prod'), (2, 'tight_conv'), (3, 'loose_score'), (4, 'defensive_crypto')]

[1/2] Compute baseline (variant_id=1 = prod)
  prod : nav_final=731121.297737278 return=-26.888% sharpe=0.49813437533133337 max_dd=-44.261% n_cyc=21 n_ord=117

[2/2] Compute variants + insert

  v1 (prod) : ret=-26.888% delta=0.000% sharpe=0.498 dd=-44.261% n_cyc=21 n_ord=117 reco=neutral
  v2 (tight_conv) : ret=-29.755% delta=-2.867% sharpe=0.214 dd=-41.869% n_cyc=21 n_ord=117 reco=reject
  v3 (loose_score) : ret=-27.646% delta=-0.758% sharpe=0.534 dd=-44.938% n_cyc=21 n_ord=117 reco=neutral
  v4 (defensive_crypto) : ret=-25.866% delta=1.021% sharpe=0.607 dd=-43.683% n_cyc=21 n_ord=117 reco=champion

==============================================================================
PERF ROLLING DONE
  rows inserted : 4
  as_of_day     : 2026-08-06
  window_days   : 30
==============================================================================
[2026-08-06 22:00:03] [1/2] exit=0
[2026-08-06 22:00:03] [2/2] Run shadow_memo_generator.py --force ...
======================================================================
SHADOW MEMO GENERATOR - Jalon 9.5b
DB : C:\Users\RichardGUELIN\Prod\ThesiumDesk\thesium.db
Force : True | Variant filter : None
======================================================================
as_of_day : 2026-08-06 | rows a traiter : 4

[VARIANT 1] prod
[PPLX-shadow_memo_prod] OK en 4.6s, 20 sources
    | VERDICT : Neutral : aucune diffÚrence vs prod
    | 
    | JUSTIFICATION

[VARIANT 2] tight_conv
[PPLX-shadow_memo_tight_conv] OK en 3.9s, 20 sources
    | VERDICT : Sous-performe la prod, rejet justifiÚ
    | 
    | JUSTIFICATION

[VARIANT 3] loose_score
[PPLX-shadow_memo_loose_score] OK en 4.3s, 20 sources
    | VERDICT : LÚgÞrement dÚfavorable, mais pas assez pour rejeter
    | 
    | JUSTIFICATION

[VARIANT 4] defensive_crypto
[PPLX-shadow_memo_defensive_crypto] OK en 4.0s, 20 sources
    | VERDICT : LÚgÞre amÚlioration, pas assez pour promouvoir
    | 
    | JUSTIFICATION

======================================================================
OK : 4 | SKIP : 0 | ERR : 0
======================================================================
[2026-08-06 22:00:22] [2/2] exit=0
[2026-08-06 22:00:22] SHADOW CRON END (exit perf=0 memo=0)
