[2026-07-26 22:00:02] ==========================================
[2026-07-26 22:00:02] SHADOW CRON START (perf-rolling + memo)
[2026-07-26 22:00:02] ==========================================
[2026-07-26 22:00:02] [1/2] Run shadow_perf_rolling_j30.py ...
==============================================================================
SHADOW PERF ROLLING J-30
DB        : C:\Users\RichardGUELIN\Prod\ThesiumDesk\thesium.db
Window    : 2026-06-26 -> 2026-07-26 (30 jours)
==============================================================================

Variants actifs : [(1, 'prod'), (2, 'tight_conv'), (3, 'loose_score'), (4, 'defensive_crypto')]

[1/2] Compute baseline (variant_id=1 = prod)
  prod : nav_final=690411.7671471508 return=-30.959% sharpe=-2.2131862466836063 max_dd=-57.956% n_cyc=18 n_ord=95

[2/2] Compute variants + insert

  v1 (prod) : ret=-30.959% delta=0.000% sharpe=-2.213 dd=-57.956% n_cyc=18 n_ord=95 reco=neutral
  v2 (tight_conv) : ret=-24.163% delta=6.796% sharpe=-1.749 dd=-57.438% n_cyc=18 n_ord=95 reco=champion
  v3 (loose_score) : ret=-31.676% delta=-0.717% sharpe=-2.152 dd=-58.929% n_cyc=18 n_ord=95 reco=neutral
  v4 (defensive_crypto) : ret=-30.253% delta=0.706% sharpe=-2.050 dd=-57.992% n_cyc=18 n_ord=95 reco=neutral

==============================================================================
PERF ROLLING DONE
  rows inserted : 4
  as_of_day     : 2026-07-26
  window_days   : 30
==============================================================================
[2026-07-26 22:00:02] [1/2] exit=0
[2026-07-26 22:00:02] [2/2] Run shadow_memo_generator.py --force ...
======================================================================
SHADOW MEMO GENERATOR - Jalon 9.5b
DB : C:\Users\RichardGUELIN\Prod\ThesiumDesk\thesium.db
Force : True | Variant filter : None
======================================================================
as_of_day : 2026-07-26 | rows a traiter : 4

[VARIANT 1] prod
[PPLX-shadow_memo_prod] OK en 3.8s, 2 sources
    | VERDICT : Neutre: aucune diffÚrence vs prod
    | 
    | JUSTIFICATION

[VARIANT 2] tight_conv
[PPLX-shadow_memo_tight_conv] OK en 5.2s, 4 sources
    | VERDICT : AmÚlioration rÚelle, mais pas assez robuste pour promotion
    | 
    | JUSTIFICATION

[VARIANT 3] loose_score
[PPLX-shadow_memo_loose_score] OK en 4.7s, 12 sources
    | VERDICT : LÚgÞre sous-performance, risque accru: observation
    | 
    | JUSTIFICATION

[VARIANT 4] defensive_crypto
[PPLX-shadow_memo_defensive_crypto] OK en 3.5s, 9 sources
    | VERDICT : LÚgÞre amÚlioration, mais fiabilitÚ insuffisante
    | 
    | JUSTIFICATION

======================================================================
OK : 4 | SKIP : 0 | ERR : 0
======================================================================
[2026-07-26 22:00:21] [2/2] exit=0
[2026-07-26 22:00:21] SHADOW CRON END (exit perf=0 memo=0)
