[2026-08-31 22:00:03] ==========================================
[2026-08-31 22:00:03] SHADOW CRON START (perf-rolling + memo)
[2026-08-31 22:00:03] ==========================================
[2026-08-31 22:00:03] [1/2] Run shadow_perf_rolling_j30.py ...
==============================================================================
SHADOW PERF ROLLING J-30
DB        : C:\Users\RichardGUELIN\Prod\ThesiumDesk\thesium.db
Window    : 2026-08-01 -> 2026-08-31 (30 jours)
==============================================================================

Variants actifs : [(1, 'prod'), (2, 'tight_conv'), (3, 'loose_score'), (4, 'defensive_crypto')]

[1/2] Compute baseline (variant_id=1 = prod)
  prod : nav_final=-2185725.4822230693 return=-318.573% sharpe=-4.590872753549116 max_dd=-378.104% n_cyc=21 n_ord=137

[2/2] Compute variants + insert

  v1 (prod) : ret=-318.573% delta=0.000% sharpe=-4.591 dd=-378.104% n_cyc=21 n_ord=137 reco=neutral
  v2 (tight_conv) : ret=-318.020% delta=0.552% sharpe=-4.555 dd=-384.519% n_cyc=21 n_ord=139 reco=neutral
  v3 (loose_score) : ret=-323.646% delta=-5.074% sharpe=-4.575 dd=-384.109% n_cyc=21 n_ord=137 reco=reject
  v4 (defensive_crypto) : ret=-329.386% delta=-10.814% sharpe=-4.590 dd=-382.281% n_cyc=21 n_ord=137 reco=reject

==============================================================================
PERF ROLLING DONE
  rows inserted : 4
  as_of_day     : 2026-08-31
  window_days   : 30
==============================================================================
[2026-08-31 22:00:03] [1/2] exit=0
[2026-08-31 22:00:03] [2/2] Run shadow_memo_generator.py --force ...
======================================================================
SHADOW MEMO GENERATOR - Jalon 9.5b
DB : C:\Users\RichardGUELIN\Prod\ThesiumDesk\thesium.db
Force : True | Variant filter : None
======================================================================
as_of_day : 2026-08-31 | rows a traiter : 4

[VARIANT 1] prod
[PPLX-shadow_memo_prod] OK en 2.6s, 0 sources
    | VERDICT : Aucun avantage vs prod; observation uniquement
    | 
    | JUSTIFICATION

[VARIANT 2] tight_conv
[PPLX-shadow_memo_tight_conv] OK en 3.0s, 0 sources
    | VERDICT : LÚger mieux en retour, risque accru, signal non validÚ
    | 
    | JUSTIFICATION

[VARIANT 3] loose_score
[PPLX-shadow_memo_loose_score] OK en 3.8s, 0 sources
    | VERDICT : Sous-performe et augmente le risque : rejet
    | 
    | JUSTIFICATION

[VARIANT 4] defensive_crypto
[PPLX-shadow_memo_defensive_crypto] OK en 3.1s, 0 sources
    | VERDICT : Sous-performe et ne rÚduit pas le risque
    | 
    | JUSTIFICATION

======================================================================
OK : 4 | SKIP : 0 | ERR : 0
======================================================================
[2026-08-31 22:00:17] [2/2] exit=0
[2026-08-31 22:00:17] SHADOW CRON END (exit perf=0 memo=0)
