[2026-08-16 22:00:03] ==========================================
[2026-08-16 22:00:03] SHADOW CRON START (perf-rolling + memo)
[2026-08-16 22:00:03] ==========================================
[2026-08-16 22:00:03] [1/2] Run shadow_perf_rolling_j30.py ...
==============================================================================
SHADOW PERF ROLLING J-30
DB        : C:\Users\RichardGUELIN\Prod\ThesiumDesk\thesium.db
Window    : 2026-07-17 -> 2026-08-16 (30 jours)
==============================================================================

Variants actifs : [(1, 'prod'), (2, 'tight_conv'), (3, 'loose_score'), (4, 'defensive_crypto')]

[1/2] Compute baseline (variant_id=1 = prod)
  prod : nav_final=456768.46893928107 return=-54.323% sharpe=-0.7676917906685269 max_dd=-50.867% n_cyc=20 n_ord=147

[2/2] Compute variants + insert

  v1 (prod) : ret=-54.323% delta=0.000% sharpe=-0.768 dd=-50.867% n_cyc=20 n_ord=147 reco=neutral
  v2 (tight_conv) : ret=-55.498% delta=-1.174% sharpe=-1.102 dd=-51.539% n_cyc=20 n_ord=149 reco=reject
  v3 (loose_score) : ret=-55.022% delta=-0.699% sharpe=-0.704 dd=-51.408% n_cyc=20 n_ord=147 reco=neutral
  v4 (defensive_crypto) : ret=-53.452% delta=0.871% sharpe=-0.661 dd=-50.968% n_cyc=20 n_ord=147 reco=neutral

==============================================================================
PERF ROLLING DONE
  rows inserted : 4
  as_of_day     : 2026-08-16
  window_days   : 30
==============================================================================
[2026-08-16 22:00:03] [1/2] exit=0
[2026-08-16 22:00:03] [2/2] Run shadow_memo_generator.py --force ...
======================================================================
SHADOW MEMO GENERATOR - Jalon 9.5b
DB : C:\Users\RichardGUELIN\Prod\ThesiumDesk\thesium.db
Force : True | Variant filter : None
======================================================================
as_of_day : 2026-08-16 | rows a traiter : 4

[VARIANT 1] prod
[PPLX-shadow_memo_prod] OK en 2.4s, 0 sources
    | VERDICT : Identique Ó la prod, signal insuffisant
    | 
    | JUSTIFICATION

[VARIANT 2] tight_conv
[PPLX-shadow_memo_tight_conv] OK en 2.7s, 0 sources
    | VERDICT : Sous-performe et dÚgrade le Sharpe : rejet
    | 
    | JUSTIFICATION

[VARIANT 3] loose_score
[PPLX-shadow_memo_loose_score] OK en 3.1s, 0 sources
    | VERDICT : LÚger mieux en Sharpe, mais performance et DD restent pires
    | 
    | JUSTIFICATION

[VARIANT 4] defensive_crypto
[PPLX-shadow_memo_defensive_crypto] OK en 2.4s, 0 sources
    | VERDICT : LÚgÞre amÚlioration, mais pas assez robuste pour promouvoir
    | 
    | JUSTIFICATION

======================================================================
OK : 4 | SKIP : 0 | ERR : 0
======================================================================
[2026-08-16 22:00:16] [2/2] exit=0
[2026-08-16 22:00:16] SHADOW CRON END (exit perf=0 memo=0)
