[2026-07-27 22:00:02] ==========================================
[2026-07-27 22:00:02] SHADOW CRON START (perf-rolling + memo)
[2026-07-27 22:00:02] ==========================================
[2026-07-27 22:00:02] [1/2] Run shadow_perf_rolling_j30.py ...
==============================================================================
SHADOW PERF ROLLING J-30
DB        : C:\Users\RichardGUELIN\Prod\ThesiumDesk\thesium.db
Window    : 2026-06-27 -> 2026-07-27 (30 jours)
==============================================================================

Variants actifs : [(1, 'prod'), (2, 'tight_conv'), (3, 'loose_score'), (4, 'defensive_crypto')]

[1/2] Compute baseline (variant_id=1 = prod)
  prod : nav_final=626573.2993611842 return=-37.343% sharpe=-2.2692911113990353 max_dd=-59.373% n_cyc=19 n_ord=101

[2/2] Compute variants + insert

  v1 (prod) : ret=-37.343% delta=0.000% sharpe=-2.269 dd=-59.373% n_cyc=19 n_ord=101 reco=neutral
  v2 (tight_conv) : ret=-30.120% delta=7.223% sharpe=-1.851 dd=-57.438% n_cyc=19 n_ord=101 reco=champion
  v3 (loose_score) : ret=-37.951% delta=-0.608% sharpe=-2.200 dd=-60.134% n_cyc=19 n_ord=101 reco=neutral
  v4 (defensive_crypto) : ret=-36.151% delta=1.192% sharpe=-2.064 dd=-59.034% n_cyc=19 n_ord=101 reco=champion

==============================================================================
PERF ROLLING DONE
  rows inserted : 4
  as_of_day     : 2026-07-27
  window_days   : 30
==============================================================================
[2026-07-27 22:00:03] [1/2] exit=0
[2026-07-27 22:00:03] [2/2] Run shadow_memo_generator.py --force ...
======================================================================
SHADOW MEMO GENERATOR - Jalon 9.5b
DB : C:\Users\RichardGUELIN\Prod\ThesiumDesk\thesium.db
Force : True | Variant filter : None
======================================================================
as_of_day : 2026-07-27 | rows a traiter : 4

[VARIANT 1] prod
[PPLX-shadow_memo_prod] OK en 4.1s, 4 sources
    | VERDICT : NeutralitÚ stricte, aucune amÚlioration mesurable
    | 
    | JUSTIFICATION

[VARIANT 2] tight_conv
[PPLX-shadow_memo_tight_conv] OK en 6.7s, 3 sources
    | VERDICT : AmÚlioration nette, mais risque encore ÚlevÚ.
    | 
    | JUSTIFICATION

[VARIANT 3] loose_score
[PPLX-shadow_memo_loose_score] OK en 5.1s, 7 sources
    | VERDICT : Neutre: lÚgÞre sous-performance, Sharpe un peu meilleur
    | 
    | JUSTIFICATION

[VARIANT 4] defensive_crypto
[PPLX-shadow_memo_defensive_crypto] OK en 6.0s, 5 sources
    | VERDICT : AmÚlioration trop faible pour promotion
    | 
    | JUSTIFICATION

======================================================================
OK : 4 | SKIP : 0 | ERR : 0
======================================================================
[2026-07-27 22:00:26] [2/2] exit=0
[2026-07-27 22:00:26] SHADOW CRON END (exit perf=0 memo=0)
