[2026-08-04 22:00:02] ==========================================
[2026-08-04 22:00:02] SHADOW CRON START (perf-rolling + memo)
[2026-08-04 22:00:03] ==========================================
[2026-08-04 22:00:03] [1/2] Run shadow_perf_rolling_j30.py ...
==============================================================================
SHADOW PERF ROLLING J-30
DB        : C:\Users\RichardGUELIN\Prod\ThesiumDesk\thesium.db
Window    : 2026-07-05 -> 2026-08-04 (30 jours)
==============================================================================

Variants actifs : [(1, 'prod'), (2, 'tight_conv'), (3, 'loose_score'), (4, 'defensive_crypto')]

[1/2] Compute baseline (variant_id=1 = prod)
  prod : nav_final=758963.987780652 return=-24.104% sharpe=0.7419651611257062 max_dd=-44.261% n_cyc=19 n_ord=105

[2/2] Compute variants + insert

  v1 (prod) : ret=-24.104% delta=0.000% sharpe=0.742 dd=-44.261% n_cyc=19 n_ord=105 reco=neutral
  v2 (tight_conv) : ret=-29.180% delta=-5.077% sharpe=0.311 dd=-41.869% n_cyc=19 n_ord=105 reco=reject
  v3 (loose_score) : ret=-24.967% delta=-0.863% sharpe=0.758 dd=-44.938% n_cyc=19 n_ord=105 reco=neutral
  v4 (defensive_crypto) : ret=-23.179% delta=0.924% sharpe=0.837 dd=-43.683% n_cyc=19 n_ord=105 reco=neutral

==============================================================================
PERF ROLLING DONE
  rows inserted : 4
  as_of_day     : 2026-08-04
  window_days   : 30
==============================================================================
[2026-08-04 22:00:03] [1/2] exit=0
[2026-08-04 22:00:03] [2/2] Run shadow_memo_generator.py --force ...
======================================================================
SHADOW MEMO GENERATOR - Jalon 9.5b
DB : C:\Users\RichardGUELIN\Prod\ThesiumDesk\thesium.db
Force : True | Variant filter : None
======================================================================
as_of_day : 2026-08-04 | rows a traiter : 4

[VARIANT 1] prod
[PPLX-shadow_memo_prod] OK en 5.0s, 20 sources
    | VERDICT : Neutre: aucune amÚlioration vs prod
    | 
    | JUSTIFICATION

[VARIANT 2] tight_conv
[PPLX-shadow_memo_tight_conv] OK en 4.5s, 20 sources
    | VERDICT : Rejet: sous-performance et Sharpe dÚgradÚ
    | 
    | JUSTIFICATION

[VARIANT 3] loose_score
[PPLX-shadow_memo_loose_score] OK en 4.7s, 20 sources
    | VERDICT : Neutral: lÚgÞre sous-performance, Sharpe marginalement meilleur
    | 
    | JUSTIFICATION

[VARIANT 4] defensive_crypto
[PPLX-shadow_memo_defensive_crypto] OK en 4.5s, 20 sources
    | VERDICT : Mieux que la prod, mais gain trop faible pour promouvoir
    | 
    | JUSTIFICATION

======================================================================
OK : 4 | SKIP : 0 | ERR : 0
======================================================================
[2026-08-04 22:00:23] [2/2] exit=0
[2026-08-04 22:00:23] SHADOW CRON END (exit perf=0 memo=0)
