[2026-06-19 22:00:02] ==========================================
[2026-06-19 22:00:02] SHADOW CRON START (perf-rolling + memo)
[2026-06-19 22:00:02] ==========================================
[2026-06-19 22:00:02] [1/2] Run shadow_perf_rolling_j30.py ...
==============================================================================
SHADOW PERF ROLLING J-30
DB        : C:\Users\RichardGUELIN\Prod\ThesiumDesk\thesium.db
Window    : 2026-05-20 -> 2026-06-19 (30 jours)
==============================================================================

Variants actifs : [(1, 'prod'), (2, 'tight_conv'), (3, 'loose_score'), (4, 'defensive_crypto')]

[1/2] Compute baseline (variant_id=1 = prod)
  prod : nav_final=1193414.6001947806 return=19.341% sharpe=2.4887213032094735 max_dd=-22.086% n_cyc=17 n_ord=218

[2/2] Compute variants + insert

  v1 (prod) : ret=19.341% delta=0.000% sharpe=2.489 dd=-22.086% n_cyc=17 n_ord=218 reco=neutral
  v2 (tight_conv) : ret=21.045% delta=1.703% sharpe=2.583 dd=-22.365% n_cyc=17 n_ord=237 reco=champion
  v3 (loose_score) : ret=19.089% delta=-0.252% sharpe=2.415 dd=-22.771% n_cyc=17 n_ord=219 reco=neutral
  v4 (defensive_crypto) : ret=19.042% delta=-0.300% sharpe=2.448 dd=-22.219% n_cyc=17 n_ord=218 reco=neutral

==============================================================================
PERF ROLLING DONE
  rows inserted : 4
  as_of_day     : 2026-06-19
  window_days   : 30
==============================================================================
[2026-06-19 22:00:02] [1/2] exit=0
[2026-06-19 22:00:02] [2/2] Run shadow_memo_generator.py --force ...
======================================================================
SHADOW MEMO GENERATOR - Jalon 9.5b
DB : C:\Users\RichardGUELIN\Prod\ThesiumDesk\thesium.db
Force : True | Variant filter : None
======================================================================
as_of_day : 2026-06-19 | rows a traiter : 4

[VARIANT 1] prod
[PPLX-shadow_memo_prod] OK en 4.6s, 9 sources
    | VERDICT : Variante shadow 'prod' neutre : performance identique Ó la prod, sans avantage dÚtectÚÀÀ sur 30 jours.
    | 
    | JUSTIFICATION

[VARIANT 2] tight_conv
[PPLX-shadow_memo_tight_conv] OK en 5.7s, 9 sources
  [EXC] UnicodeEncodeError: 'charmap' codec can't encode characters in position 76-77: character maps to <undefined>

[VARIANT 3] loose_score
[PPLX-shadow_memo_loose_score] OK en 5.2s, 9 sources
    | VERDICT : Neutral: lÚgÞre sous-performance, pas de signal fort
    | 
    | JUSTIFICATION

[VARIANT 4] defensive_crypto
[PPLX-shadow_memo_defensive_crypto] OK en 4.1s, 8 sources
    | VERDICT : LÚgÞrement sous la prod, pas assez robuste pour promouvoir
    | 
    | JUSTIFICATION

======================================================================
OK : 4 | SKIP : 0 | ERR : 1
======================================================================
[2026-06-19 22:00:23] [2/2] exit=1
[2026-06-19 22:00:23] SHADOW CRON END (exit perf=0 memo=1)
