[2026-08-13 22:00:03] ==========================================
[2026-08-13 22:00:03] SHADOW CRON START (perf-rolling + memo)
[2026-08-13 22:00:03] ==========================================
[2026-08-13 22:00:03] [1/2] Run shadow_perf_rolling_j30.py ...
==============================================================================
SHADOW PERF ROLLING J-30
DB        : C:\Users\RichardGUELIN\Prod\ThesiumDesk\thesium.db
Window    : 2026-07-14 -> 2026-08-13 (30 jours)
==============================================================================

Variants actifs : [(1, 'prod'), (2, 'tight_conv'), (3, 'loose_score'), (4, 'defensive_crypto')]

[1/2] Compute baseline (variant_id=1 = prod)
  prod : nav_final=610163.269066737 return=-38.984% sharpe=0.35816404547830394 max_dd=-32.781% n_cyc=22 n_ord=145

[2/2] Compute variants + insert

  v1 (prod) : ret=-38.984% delta=0.000% sharpe=0.358 dd=-32.781% n_cyc=22 n_ord=145 reco=neutral
  v2 (tight_conv) : ret=-40.617% delta=-1.634% sharpe=0.128 dd=-33.716% n_cyc=22 n_ord=146 reco=reject
  v3 (loose_score) : ret=-39.595% delta=-0.611% sharpe=0.437 dd=-33.321% n_cyc=22 n_ord=145 reco=neutral
  v4 (defensive_crypto) : ret=-38.021% delta=0.963% sharpe=0.493 dd=-33.307% n_cyc=22 n_ord=145 reco=neutral

==============================================================================
PERF ROLLING DONE
  rows inserted : 4
  as_of_day     : 2026-08-13
  window_days   : 30
==============================================================================
[2026-08-13 22:00:03] [1/2] exit=0
[2026-08-13 22:00:03] [2/2] Run shadow_memo_generator.py --force ...
======================================================================
SHADOW MEMO GENERATOR - Jalon 9.5b
DB : C:\Users\RichardGUELIN\Prod\ThesiumDesk\thesium.db
Force : True | Variant filter : None
======================================================================
as_of_day : 2026-08-13 | rows a traiter : 4

[VARIANT 1] prod
[PPLX-shadow_memo_prod] OK en 4.7s, 20 sources
    | VERDICT : Identique Ó la prod, pas de signal dÆamÚlioration
    | 
    | JUSTIFICATION

[VARIANT 2] tight_conv
[PPLX-shadow_memo_tight_conv] OK en 4.9s, 20 sources
    | VERDICT : Rejet: sous-performe la prod et dÚtÚriore le Sharpe
    | 
    | JUSTIFICATION

[VARIANT 3] loose_score
[PPLX-shadow_memo_loose_score] OK en 5.0s, 20 sources
    | VERDICT : Sharpe mieux, mais retour et DD ne valident pas encore
    | 
    | JUSTIFICATION

[VARIANT 4] defensive_crypto
[PPLX-shadow_memo_defensive_crypto] OK en 5.2s, 20 sources
    | VERDICT : LÚger mieux que la prod, mais pas assez robuste pour promouvoir
    | 
    | JUSTIFICATION

======================================================================
OK : 4 | SKIP : 0 | ERR : 0
======================================================================
[2026-08-13 22:00:25] [2/2] exit=0
[2026-08-13 22:00:25] SHADOW CRON END (exit perf=0 memo=0)
