[2026-07-16 22:00:03] ==========================================
[2026-07-16 22:00:03] SHADOW CRON START (perf-rolling + memo)
[2026-07-16 22:00:03] ==========================================
[2026-07-16 22:00:03] [1/2] Run shadow_perf_rolling_j30.py ...
==============================================================================
SHADOW PERF ROLLING J-30
DB        : C:\Users\RichardGUELIN\Prod\ThesiumDesk\thesium.db
Window    : 2026-06-16 -> 2026-07-16 (30 jours)
==============================================================================

Variants actifs : [(1, 'prod'), (2, 'tight_conv'), (3, 'loose_score'), (4, 'defensive_crypto')]

[1/2] Compute baseline (variant_id=1 = prod)
  prod : nav_final=708079.6482162429 return=-29.192% sharpe=-1.0765330737657168 max_dd=-54.881% n_cyc=12 n_ord=57

[2/2] Compute variants + insert

  v1 (prod) : ret=-29.192% delta=0.000% sharpe=-1.077 dd=-54.881% n_cyc=12 n_ord=57 reco=neutral
  v2 (tight_conv) : ret=-28.617% delta=0.575% sharpe=-1.052 dd=-57.172% n_cyc=12 n_ord=57 reco=neutral
  v3 (loose_score) : ret=-30.503% delta=-1.311% sharpe=-1.058 dd=-56.076% n_cyc=12 n_ord=57 reco=reject
  v4 (defensive_crypto) : ret=-29.570% delta=-0.378% sharpe=-1.035 dd=-55.529% n_cyc=12 n_ord=57 reco=neutral

==============================================================================
PERF ROLLING DONE
  rows inserted : 4
  as_of_day     : 2026-07-16
  window_days   : 30
==============================================================================
[2026-07-16 22:00:03] [1/2] exit=0
[2026-07-16 22:00:03] [2/2] Run shadow_memo_generator.py --force ...
======================================================================
SHADOW MEMO GENERATOR - Jalon 9.5b
DB : C:\Users\RichardGUELIN\Prod\ThesiumDesk\thesium.db
Force : True | Variant filter : None
======================================================================
as_of_day : 2026-07-16 | rows a traiter : 4

[VARIANT 1] prod
[PPLX-shadow_memo_prod] OK en 5.5s, 9 sources
    | VERDICT : Variante identique Ó la prod, performance nÚgative, Sharpe instable, DD critique, Úchantillon insuffisant.
    | 
    | JUSTIFICATION

[VARIANT 2] tight_conv
[PPLX-shadow_memo_tight_conv] OK en 5.0s, 8 sources
    | VERDICT : Neutral : gain marginal mais risque accru et Úchantillon trop faible pour valider.
    | 
    | JUSTIFICATION

[VARIANT 3] loose_score
[PPLX-shadow_memo_loose_score] OK en 4.5s, 11 sources
    | VERDICT : Rejet : sous-performance (-1.31 pts), DD accru, Sharpe non amÚliorÚ®®, Úchantillon faible.
    | 
    | JUSTIFICATION

[VARIANT 4] defensive_crypto
[PPLX-shadow_memo_defensive_crypto] OK en 4.9s, 7 sources
  [EXC] UnicodeEncodeError: 'charmap' codec can't encode characters in position 81-82: character maps to <undefined>

======================================================================
OK : 4 | SKIP : 0 | ERR : 1
======================================================================
[2026-07-16 22:00:24] [2/2] exit=1
[2026-07-16 22:00:24] SHADOW CRON END (exit perf=0 memo=1)
