[2026-07-29 22:00:02] ==========================================
[2026-07-29 22:00:02] SHADOW CRON START (perf-rolling + memo)
[2026-07-29 22:00:02] ==========================================
[2026-07-29 22:00:02] [1/2] Run shadow_perf_rolling_j30.py ...
==============================================================================
SHADOW PERF ROLLING J-30
DB        : C:\Users\RichardGUELIN\Prod\ThesiumDesk\thesium.db
Window    : 2026-06-29 -> 2026-07-29 (30 jours)
==============================================================================

Variants actifs : [(1, 'prod'), (2, 'tight_conv'), (3, 'loose_score'), (4, 'defensive_crypto')]

[1/2] Compute baseline (variant_id=1 = prod)
  prod : nav_final=652482.0377311371 return=-34.752% sharpe=-1.354379622047445 max_dd=-59.373% n_cyc=19 n_ord=101

[2/2] Compute variants + insert

  v1 (prod) : ret=-34.752% delta=0.000% sharpe=-1.354 dd=-59.373% n_cyc=19 n_ord=101 reco=neutral
  v2 (tight_conv) : ret=-27.476% delta=7.276% sharpe=-1.039 dd=-57.438% n_cyc=19 n_ord=101 reco=champion
  v3 (loose_score) : ret=-35.198% delta=-0.447% sharpe=-1.289 dd=-60.134% n_cyc=19 n_ord=101 reco=neutral
  v4 (defensive_crypto) : ret=-33.151% delta=1.601% sharpe=-1.171 dd=-59.034% n_cyc=19 n_ord=101 reco=champion

==============================================================================
PERF ROLLING DONE
  rows inserted : 4
  as_of_day     : 2026-07-29
  window_days   : 30
==============================================================================
[2026-07-29 22:00:03] [1/2] exit=0
[2026-07-29 22:00:03] [2/2] Run shadow_memo_generator.py --force ...
======================================================================
SHADOW MEMO GENERATOR - Jalon 9.5b
DB : C:\Users\RichardGUELIN\Prod\ThesiumDesk\thesium.db
Force : True | Variant filter : None
======================================================================
as_of_day : 2026-07-29 | rows a traiter : 4

[VARIANT 1] prod
[PPLX-shadow_memo_prod] OK en 4.5s, 10 sources
    | VERDICT : Neutre: aucun Úcart vs prod
    | 
    | JUSTIFICATION

[VARIANT 2] tight_conv
[PPLX-shadow_memo_tight_conv] OK en 5.5s, 8 sources
    | VERDICT : Mieux que prod, mais pas assez robuste pour promouvoir
    | 
    | JUSTIFICATION

[VARIANT 3] loose_score
[PPLX-shadow_memo_loose_score] OK en 4.3s, 10 sources
    | VERDICT : Neutral : lÚgÞre amÚlioration Sharpe, perf et DD dÚgradÚs.
    | 
    | JUSTIFICATION

[VARIANT 4] defensive_crypto
[PPLX-shadow_memo_defensive_crypto] OK en 4.3s, 13 sources
    | VERDICT : Biais positif, mais pas assez robuste pour promouvoir
    | 
    | JUSTIFICATION

======================================================================
OK : 4 | SKIP : 0 | ERR : 0
======================================================================
[2026-07-29 22:00:23] [2/2] exit=0
[2026-07-29 22:00:23] SHADOW CRON END (exit perf=0 memo=0)
