[2026-07-18 22:00:03] ==========================================
[2026-07-18 22:00:03] SHADOW CRON START (perf-rolling + memo)
[2026-07-18 22:00:03] ==========================================
[2026-07-18 22:00:03] [1/2] Run shadow_perf_rolling_j30.py ...
==============================================================================
SHADOW PERF ROLLING J-30
DB        : C:\Users\RichardGUELIN\Prod\ThesiumDesk\thesium.db
Window    : 2026-06-18 -> 2026-07-18 (30 jours)
==============================================================================

Variants actifs : [(1, 'prod'), (2, 'tight_conv'), (3, 'loose_score'), (4, 'defensive_crypto')]

[1/2] Compute baseline (variant_id=1 = prod)
  prod : nav_final=745101.2286296692 return=-25.490% sharpe=-1.7922677407056788 max_dd=-54.881% n_cyc=14 n_ord=69

[2/2] Compute variants + insert

  v1 (prod) : ret=-25.490% delta=0.000% sharpe=-1.792 dd=-54.881% n_cyc=14 n_ord=69 reco=neutral
  v2 (tight_conv) : ret=-23.345% delta=2.145% sharpe=-1.590 dd=-57.172% n_cyc=14 n_ord=69 reco=champion
  v3 (loose_score) : ret=-26.971% delta=-1.481% sharpe=-1.788 dd=-56.076% n_cyc=14 n_ord=69 reco=reject
  v4 (defensive_crypto) : ret=-25.725% delta=-0.235% sharpe=-1.712 dd=-55.529% n_cyc=14 n_ord=69 reco=neutral

==============================================================================
PERF ROLLING DONE
  rows inserted : 4
  as_of_day     : 2026-07-18
  window_days   : 30
==============================================================================
[2026-07-18 22:00:03] [1/2] exit=0
[2026-07-18 22:00:03] [2/2] Run shadow_memo_generator.py --force ...
======================================================================
SHADOW MEMO GENERATOR - Jalon 9.5b
DB : C:\Users\RichardGUELIN\Prod\ThesiumDesk\thesium.db
Force : True | Variant filter : None
======================================================================
as_of_day : 2026-07-18 | rows a traiter : 4

[VARIANT 1] prod
[PPLX-shadow_memo_prod] OK en 4.3s, 10 sources
    | VERDICT : Variante identique Ó prod, performance nÚgative, observation continue requise.
    | 
    | JUSTIFICATION

[VARIANT 2] tight_conv
[PPLX-shadow_memo_tight_conv] OK en 4.1s, 6 sources
    | VERDICT : Surperformance Sharpe et delta valides, mais DD aggrav+¦ et Úchantillon insuffisant.
    | 
    | JUSTIFICATION

[VARIANT 3] loose_score
[PPLX-shadow_memo_loose_score] OK en 4.9s, 5 sources
    | VERDICT : Rejet : retour infÚrieur, DD aggravÚíó, Sharpe mÚdiocre, sample insuffisant.
    | 
    | JUSTIFICATION

[VARIANT 4] defensive_crypto
[PPLX-shadow_memo_defensive_crypto] OK en 4.1s, 8 sources
    | VERDICT : Variante neutre : performance infime, risque accru, Sharpe lÚgÞrement amÚliorÚÀ¦.
    | 
    | JUSTIFICATION

======================================================================
OK : 4 | SKIP : 0 | ERR : 0
======================================================================
[2026-07-18 22:00:22] [2/2] exit=0
[2026-07-18 22:00:22] SHADOW CRON END (exit perf=0 memo=0)
