[2026-07-01 08:25:24] ==========================================
[2026-07-01 08:25:24] SHADOW CRON START (perf-rolling + memo)
[2026-07-01 08:25:24] ==========================================
[2026-07-01 08:25:24] [1/2] Run shadow_perf_rolling_j30.py ...
==============================================================================
SHADOW PERF ROLLING J-30
DB        : C:\Users\RichardGUELIN\Prod\ThesiumDesk\thesium.db
Window    : 2026-06-01 -> 2026-07-01 (30 jours)
==============================================================================

Variants actifs : [(1, 'prod'), (2, 'tight_conv'), (3, 'loose_score'), (4, 'defensive_crypto')]

[1/2] Compute baseline (variant_id=1 = prod)
  prod : nav_final=1388406.207471327 return=38.841% sharpe=3.166325963999314 max_dd=-22.086% n_cyc=16 n_ord=171

[2/2] Compute variants + insert

  v1 (prod) : ret=38.841% delta=0.000% sharpe=3.166 dd=-22.086% n_cyc=16 n_ord=171 reco=neutral
  v2 (tight_conv) : ret=40.726% delta=1.885% sharpe=3.142 dd=-22.365% n_cyc=16 n_ord=187 reco=champion
  v3 (loose_score) : ret=39.229% delta=0.388% sharpe=3.145 dd=-22.771% n_cyc=16 n_ord=172 reco=neutral
  v4 (defensive_crypto) : ret=38.634% delta=-0.207% sharpe=3.165 dd=-22.219% n_cyc=16 n_ord=171 reco=neutral

==============================================================================
PERF ROLLING DONE
  rows inserted : 4
  as_of_day     : 2026-07-01
  window_days   : 30
==============================================================================
[2026-07-01 08:25:25] [1/2] exit=0
[2026-07-01 08:25:25] [2/2] Run shadow_memo_generator.py --force ...
[2026-07-01 08:25:25] [2/2] exit=-1073741510
[2026-07-01 08:25:25] SHADOW CRON END (exit perf=0 memo=-1073741510)
