[2026-08-11 22:00:03] ==========================================
[2026-08-11 22:00:03] SHADOW CRON START (perf-rolling + memo)
[2026-08-11 22:00:03] ==========================================
[2026-08-11 22:00:03] [1/2] Run shadow_perf_rolling_j30.py ...
==============================================================================
SHADOW PERF ROLLING J-30
DB        : C:\Users\RichardGUELIN\Prod\ThesiumDesk\thesium.db
Window    : 2026-07-12 -> 2026-08-11 (30 jours)
==============================================================================

Variants actifs : [(1, 'prod'), (2, 'tight_conv'), (3, 'loose_score'), (4, 'defensive_crypto')]

[1/2] Compute baseline (variant_id=1 = prod)
  prod : nav_final=733894.6758650746 return=-26.611% sharpe=0.28243277299362696 max_dd=-43.378% n_cyc=21 n_ord=129

[2/2] Compute variants + insert

  v1 (prod) : ret=-26.611% delta=0.000% sharpe=0.282 dd=-43.378% n_cyc=21 n_ord=129 reco=neutral
  v2 (tight_conv) : ret=-29.450% delta=-2.839% sharpe=-0.000 dd=-40.459% n_cyc=21 n_ord=130 reco=reject
  v3 (loose_score) : ret=-27.091% delta=-0.481% sharpe=0.359 dd=-43.863% n_cyc=21 n_ord=129 reco=neutral
  v4 (defensive_crypto) : ret=-24.916% delta=1.694% sharpe=0.437 dd=-42.808% n_cyc=21 n_ord=129 reco=champion

==============================================================================
PERF ROLLING DONE
  rows inserted : 4
  as_of_day     : 2026-08-11
  window_days   : 30
==============================================================================
[2026-08-11 22:00:03] [1/2] exit=0
[2026-08-11 22:00:03] [2/2] Run shadow_memo_generator.py --force ...
======================================================================
SHADOW MEMO GENERATOR - Jalon 9.5b
DB : C:\Users\RichardGUELIN\Prod\ThesiumDesk\thesium.db
Force : True | Variant filter : None
======================================================================
as_of_day : 2026-08-11 | rows a traiter : 4

[VARIANT 1] prod
[PPLX-shadow_memo_prod] OK en 4.1s, 20 sources
    | VERDICT : Aucune diffÚrence mesurable, pas de promotion
    | 
    | JUSTIFICATION

[VARIANT 2] tight_conv
[PPLX-shadow_memo_tight_conv] OK en 4.3s, 20 sources
    | VERDICT : Rejeter: sous-performe et Sharpe dÚgradÚ
    | 
    | JUSTIFICATION

[VARIANT 3] loose_score
[PPLX-shadow_memo_loose_score] OK en 4.4s, 20 sources
    | VERDICT : Neutral: pas de surperformance nette vs prod
    | 
    | JUSTIFICATION

[VARIANT 4] defensive_crypto
[PPLX-shadow_memo_defensive_crypto] OK en 4.7s, 20 sources
    | VERDICT : Signal positif, mais avantage encore modeste
    | 
    | JUSTIFICATION

======================================================================
OK : 4 | SKIP : 0 | ERR : 0
======================================================================
[2026-08-11 22:00:23] [2/2] exit=0
[2026-08-11 22:00:23] SHADOW CRON END (exit perf=0 memo=0)
