[2026-08-22 22:00:01] ==========================================
[2026-08-22 22:00:01] SHADOW CRON START (perf-rolling + memo)
[2026-08-22 22:00:01] ==========================================
[2026-08-22 22:00:01] [1/2] Run shadow_perf_rolling_j30.py ...
==============================================================================
SHADOW PERF ROLLING J-30
DB        : C:\Users\RichardGUELIN\Prod\ThesiumDesk\thesium.db
Window    : 2026-07-23 -> 2026-08-22 (30 jours)
==============================================================================

Variants actifs : [(1, 'prod'), (2, 'tight_conv'), (3, 'loose_score'), (4, 'defensive_crypto')]

[1/2] Compute baseline (variant_id=1 = prod)
  prod : nav_final=-1980991.422866406 return=-298.099% sharpe=-3.458177477744588 max_dd=-340.970% n_cyc=21 n_ord=143

[2/2] Compute variants + insert

  v1 (prod) : ret=-298.099% delta=0.000% sharpe=-3.458 dd=-340.970% n_cyc=21 n_ord=143 reco=neutral
  v2 (tight_conv) : ret=-298.131% delta=-0.032% sharpe=-3.541 dd=-344.142% n_cyc=21 n_ord=145 reco=neutral
  v3 (loose_score) : ret=-302.810% delta=-4.711% sharpe=-3.447 dd=-345.831% n_cyc=21 n_ord=143 reco=reject
  v4 (defensive_crypto) : ret=-307.041% delta=-8.942% sharpe=-3.445 dd=-342.376% n_cyc=21 n_ord=143 reco=reject

==============================================================================
PERF ROLLING DONE
  rows inserted : 4
  as_of_day     : 2026-08-22
  window_days   : 30
==============================================================================
[2026-08-22 22:00:02] [1/2] exit=0
[2026-08-22 22:00:02] [2/2] Run shadow_memo_generator.py --force ...
======================================================================
SHADOW MEMO GENERATOR - Jalon 9.5b
DB : C:\Users\RichardGUELIN\Prod\ThesiumDesk\thesium.db
Force : True | Variant filter : None
======================================================================
as_of_day : 2026-08-22 | rows a traiter : 4

[VARIANT 1] prod
[PPLX-shadow_memo_prod] OK en 2.5s, 0 sources
    | VERDICT : Neutre: aucune amÚlioration vs prod
    | 
    | JUSTIFICATION

[VARIANT 2] tight_conv
[PPLX-shadow_memo_tight_conv] OK en 2.8s, 0 sources
    | VERDICT : Neutre: lÚger recul risque, pas assez de preuve
    | 
    | JUSTIFICATION

[VARIANT 3] loose_score
[PPLX-shadow_memo_loose_score] OK en 3.4s, 0 sources
    | VERDICT : Sous-performance nette, rejet recommandÚ
    | 
    | JUSTIFICATION

[VARIANT 4] defensive_crypto
[PPLX-shadow_memo_defensive_crypto] OK en 2.8s, 0 sources
    | VERDICT : Sous-performante, risque accru, rejet
    | 
    | JUSTIFICATION

======================================================================
OK : 4 | SKIP : 0 | ERR : 0
======================================================================
[2026-08-22 22:00:15] [2/2] exit=0
[2026-08-22 22:00:15] SHADOW CRON END (exit perf=0 memo=0)
