[2026-06-15 22:08:30] ==========================================
[2026-06-15 22:08:30] SHADOW CRON START (perf-rolling + memo)
[2026-06-15 22:08:30] ==========================================
[2026-06-15 22:08:30] [1/2] Run shadow_perf_rolling_j30.py ...
==============================================================================
SHADOW PERF ROLLING J-30
DB        : C:\Users\RichardGUELIN\Prod\ThesiumDesk\thesium.db
Window    : 2026-05-16 -> 2026-06-15 (30 jours)
==============================================================================

Variants actifs : [(1, 'prod'), (2, 'tight_conv'), (3, 'loose_score'), (4, 'defensive_crypto')]

[1/2] Compute baseline (variant_id=1 = prod)
  prod : nav_final=956667.3915451346 return=-4.333% sharpe=-0.31250104468198636 max_dd=-23.614% n_cyc=16 n_ord=213

[2/2] Compute variants + insert

  v1 (prod) : ret=-4.333% delta=0.000% sharpe=-0.313 dd=-23.614% n_cyc=16 n_ord=213 reco=neutral
  v2 (tight_conv) : ret=-3.068% delta=1.266% sharpe=-0.078 dd=-24.046% n_cyc=16 n_ord=232 reco=champion
  v3 (loose_score) : ret=-5.404% delta=-1.071% sharpe=-0.438 dd=-24.469% n_cyc=16 n_ord=214 reco=reject
  v4 (defensive_crypto) : ret=-4.732% delta=-0.399% sharpe=-0.365 dd=-23.770% n_cyc=16 n_ord=213 reco=neutral

==============================================================================
PERF ROLLING DONE
  rows inserted : 4
  as_of_day     : 2026-06-15
  window_days   : 30
==============================================================================
[2026-06-15 22:08:30] [1/2] exit=0
[2026-06-15 22:08:30] [2/2] Run shadow_memo_generator.py --force ...
======================================================================
SHADOW MEMO GENERATOR - Jalon 9.5b
DB : C:\Users\RichardGUELIN\Prod\ThesiumDesk\thesium.db
Force : True | Variant filter : None
======================================================================
as_of_day : 2026-06-15 | rows a traiter : 4

[VARIANT 1] prod
[PPLX-shadow_memo_prod] OK en 5.2s, 9 sources
    | VERDICT : Neutre: aucun ecart vs prod, observation prolongee
    | 
    | JUSTIFICATION

[VARIANT 2] tight_conv
[PPLX-shadow_memo_tight_conv] OK en 4.4s, 9 sources
    | VERDICT : Mieux que la prod, mais pas assez solide pour promouvoir
    | 
    | JUSTIFICATION

[VARIANT 3] loose_score
[PPLX-shadow_memo_loose_score] OK en 3.7s, 9 sources
    | VERDICT : Sous-performe la prod, Sharpe et DD se dÚgradent
    | 
    | JUSTIFICATION

[VARIANT 4] defensive_crypto
[PPLX-shadow_memo_defensive_crypto] OK en 3.4s, 10 sources
    | VERDICT : LÚgÞre sous-performance, pas de gain de risque
    | 
    | JUSTIFICATION

======================================================================
OK : 4 | SKIP : 0 | ERR : 0
======================================================================
[2026-06-15 22:08:55] [2/2] exit=0
[2026-06-15 22:08:55] SHADOW CRON END (exit perf=0 memo=0)
