[2026-06-20 22:00:02] ==========================================
[2026-06-20 22:00:02] SHADOW CRON START (perf-rolling + memo)
[2026-06-20 22:00:02] ==========================================
[2026-06-20 22:00:02] [1/2] Run shadow_perf_rolling_j30.py ...
==============================================================================
SHADOW PERF ROLLING J-30
DB        : C:\Users\RichardGUELIN\Prod\ThesiumDesk\thesium.db
Window    : 2026-05-21 -> 2026-06-20 (30 jours)
==============================================================================

Variants actifs : [(1, 'prod'), (2, 'tight_conv'), (3, 'loose_score'), (4, 'defensive_crypto')]

[1/2] Compute baseline (variant_id=1 = prod)
  prod : nav_final=1132045.8785789772 return=13.205% sharpe=1.8308519563756236 max_dd=-22.086% n_cyc=17 n_ord=218

[2/2] Compute variants + insert

  v1 (prod) : ret=13.205% delta=0.000% sharpe=1.831 dd=-22.086% n_cyc=17 n_ord=218 reco=neutral
  v2 (tight_conv) : ret=14.908% delta=1.703% sharpe=1.960 dd=-22.365% n_cyc=17 n_ord=237 reco=champion
  v3 (loose_score) : ret=12.754% delta=-0.451% sharpe=1.753 dd=-22.771% n_cyc=17 n_ord=219 reco=neutral
  v4 (defensive_crypto) : ret=12.881% delta=-0.324% sharpe=1.790 dd=-22.219% n_cyc=17 n_ord=218 reco=neutral

==============================================================================
PERF ROLLING DONE
  rows inserted : 4
  as_of_day     : 2026-06-20
  window_days   : 30
==============================================================================
[2026-06-20 22:00:03] [1/2] exit=0
[2026-06-20 22:00:03] [2/2] Run shadow_memo_generator.py --force ...
======================================================================
SHADOW MEMO GENERATOR - Jalon 9.5b
DB : C:\Users\RichardGUELIN\Prod\ThesiumDesk\thesium.db
Force : True | Variant filter : None
======================================================================
as_of_day : 2026-06-20 | rows a traiter : 4

[VARIANT 1] prod
[PPLX-shadow_memo_prod] OK en 2.5s, 8 sources
    | VERDICT : +quivalent Ó la prod, aucun signal pour promouvoir
    | 
    | JUSTIFICATION

[VARIANT 2] tight_conv
[PPLX-shadow_memo_tight_conv] OK en 4.0s, 9 sources
    | VERDICT : Signal positif, mais validation encore limitÚe
    | 
    | JUSTIFICATION

[VARIANT 3] loose_score
[PPLX-shadow_memo_loose_score] OK en 3.0s, 9 sources
    | VERDICT : Neutre: pas de gain suffisant, risque lÚgÞrement supÚrieur
    | 
    | JUSTIFICATION

[VARIANT 4] defensive_crypto
[PPLX-shadow_memo_defensive_crypto] OK en 4.9s, 10 sources
    | VERDICT : Variante shadow 'defensive_crypto' : neutral, delta -0,324 pts, Sharpe et DD quasi identiques Ó la prod.
    | 
    | JUSTIFICATION

======================================================================
OK : 4 | SKIP : 0 | ERR : 0
======================================================================
[2026-06-20 22:00:18] [2/2] exit=0
[2026-06-20 22:00:18] SHADOW CRON END (exit perf=0 memo=0)
