[2026-06-21 22:00:02] ==========================================
[2026-06-21 22:00:02] SHADOW CRON START (perf-rolling + memo)
[2026-06-21 22:00:02] ==========================================
[2026-06-21 22:00:02] [1/2] Run shadow_perf_rolling_j30.py ...
==============================================================================
SHADOW PERF ROLLING J-30
DB        : C:\Users\RichardGUELIN\Prod\ThesiumDesk\thesium.db
Window    : 2026-05-22 -> 2026-06-21 (30 jours)
==============================================================================

Variants actifs : [(1, 'prod'), (2, 'tight_conv'), (3, 'loose_score'), (4, 'defensive_crypto')]

[1/2] Compute baseline (variant_id=1 = prod)
  prod : nav_final=1106084.6480522812 return=10.608% sharpe=1.5358074725594986 max_dd=-22.086% n_cyc=17 n_ord=218

[2/2] Compute variants + insert

  v1 (prod) : ret=10.608% delta=0.000% sharpe=1.536 dd=-22.086% n_cyc=17 n_ord=218 reco=neutral
  v2 (tight_conv) : ret=12.312% delta=1.703% sharpe=1.678 dd=-22.365% n_cyc=17 n_ord=237 reco=champion
  v3 (loose_score) : ret=10.379% delta=-0.230% sharpe=1.490 dd=-22.771% n_cyc=17 n_ord=219 reco=neutral
  v4 (defensive_crypto) : ret=10.312% delta=-0.297% sharpe=1.499 dd=-22.219% n_cyc=17 n_ord=218 reco=neutral

==============================================================================
PERF ROLLING DONE
  rows inserted : 4
  as_of_day     : 2026-06-21
  window_days   : 30
==============================================================================
[2026-06-21 22:00:02] [1/2] exit=0
[2026-06-21 22:00:02] [2/2] Run shadow_memo_generator.py --force ...
======================================================================
SHADOW MEMO GENERATOR - Jalon 9.5b
DB : C:\Users\RichardGUELIN\Prod\ThesiumDesk\thesium.db
Force : True | Variant filter : None
======================================================================
as_of_day : 2026-06-21 | rows a traiter : 4

[VARIANT 1] prod
[PPLX-shadow_memo_prod] OK en 3.6s, 9 sources
    | VERDICT : Aucun Úcart vs prod; observation maintenue
    | 
    | JUSTIFICATION

[VARIANT 2] tight_conv
[PPLX-shadow_memo_tight_conv] OK en 3.5s, 8 sources
    | VERDICT : Surperformance modÚrÚe, fiabilitÚ encore limitÚe
    | 
    | JUSTIFICATION

[VARIANT 3] loose_score
[PPLX-shadow_memo_loose_score] OK en 3.6s, 10 sources
    | VERDICT : Neutral : pas d'edge clair vs prod
    | 
    | JUSTIFICATION

[VARIANT 4] defensive_crypto
[PPLX-shadow_memo_defensive_crypto] OK en 4.8s, 10 sources
    | VERDICT : Variante shadow neutre : delta -0,297 pts, Sharpe 1,50, DD -22,2 %, Úchantillon 17 cycles.
    | 
    | JUSTIFICATION

======================================================================
OK : 4 | SKIP : 0 | ERR : 0
======================================================================
[2026-06-21 22:00:19] [2/2] exit=0
[2026-06-21 22:00:19] SHADOW CRON END (exit perf=0 memo=0)
