[2026-08-20 22:00:01] ==========================================
[2026-08-20 22:00:01] SHADOW CRON START (perf-rolling + memo)
[2026-08-20 22:00:01] ==========================================
[2026-08-20 22:00:01] [1/2] Run shadow_perf_rolling_j30.py ...
==============================================================================
SHADOW PERF ROLLING J-30
DB        : C:\Users\RichardGUELIN\Prod\ThesiumDesk\thesium.db
Window    : 2026-07-21 -> 2026-08-20 (30 jours)
==============================================================================

Variants actifs : [(1, 'prod'), (2, 'tight_conv'), (3, 'loose_score'), (4, 'defensive_crypto')]

[1/2] Compute baseline (variant_id=1 = prod)
  prod : nav_final=-1260546.8293797132 return=-226.055% sharpe=-3.139999517340616 max_dd=-238.896% n_cyc=21 n_ord=148

[2/2] Compute variants + insert

  v1 (prod) : ret=-226.055% delta=0.000% sharpe=-3.140 dd=-238.896% n_cyc=21 n_ord=148 reco=neutral
  v2 (tight_conv) : ret=-225.710% delta=0.345% sharpe=-3.177 dd=-240.320% n_cyc=21 n_ord=150 reco=neutral
  v3 (loose_score) : ret=-227.699% delta=-1.644% sharpe=-3.130 dd=-241.274% n_cyc=21 n_ord=148 reco=reject
  v4 (defensive_crypto) : ret=-228.975% delta=-2.921% sharpe=-3.120 dd=-238.783% n_cyc=21 n_ord=148 reco=reject

==============================================================================
PERF ROLLING DONE
  rows inserted : 4
  as_of_day     : 2026-08-20
  window_days   : 30
==============================================================================
[2026-08-20 22:00:02] [1/2] exit=0
[2026-08-20 22:00:02] [2/2] Run shadow_memo_generator.py --force ...
======================================================================
SHADOW MEMO GENERATOR - Jalon 9.5b
DB : C:\Users\RichardGUELIN\Prod\ThesiumDesk\thesium.db
Force : True | Variant filter : None
======================================================================
as_of_day : 2026-08-20 | rows a traiter : 4

[VARIANT 1] prod
[PPLX-shadow_memo_prod] OK en 3.3s, 0 sources
    | VERDICT : Aucun Úcart vs prod, profil risque toujours trÞs mauvais
    | 
    | JUSTIFICATION

[VARIANT 2] tight_conv
[PPLX-shadow_memo_tight_conv] OK en 3.5s, 0 sources
    | VERDICT : LÚger mieux en retour, mais risque et fiabilitÚ insuffisants
    | 
    | JUSTIFICATION

[VARIANT 3] loose_score
[PPLX-shadow_memo_loose_score] OK en 3.6s, 0 sources
    | VERDICT : Rejeter : sous-performance et drawdown dÚgradÚ
    | 
    | JUSTIFICATION

[VARIANT 4] defensive_crypto
[PPLX-shadow_memo_defensive_crypto] OK en 4.6s, 0 sources
    | VERDICT : Sous-performe la prod, Sharpe toujours mauvais
    | 
    | JUSTIFICATION

======================================================================
OK : 4 | SKIP : 0 | ERR : 0
======================================================================
[2026-08-20 22:00:19] [2/2] exit=0
[2026-08-20 22:00:19] SHADOW CRON END (exit perf=0 memo=0)
