[2026-08-23 22:00:03] ==========================================
[2026-08-23 22:00:03] SHADOW CRON START (perf-rolling + memo)
[2026-08-23 22:00:03] ==========================================
[2026-08-23 22:00:03] [1/2] Run shadow_perf_rolling_j30.py ...
==============================================================================
SHADOW PERF ROLLING J-30
DB        : C:\Users\RichardGUELIN\Prod\ThesiumDesk\thesium.db
Window    : 2026-07-24 -> 2026-08-23 (30 jours)
==============================================================================

Variants actifs : [(1, 'prod'), (2, 'tight_conv'), (3, 'loose_score'), (4, 'defensive_crypto')]

[1/2] Compute baseline (variant_id=1 = prod)
  prod : nav_final=-1949742.112590732 return=-294.974% sharpe=-3.601238135270396 max_dd=-340.970% n_cyc=20 n_ord=137

[2/2] Compute variants + insert

  v1 (prod) : ret=-294.974% delta=0.000% sharpe=-3.601 dd=-340.970% n_cyc=20 n_ord=137 reco=neutral
  v2 (tight_conv) : ret=-295.006% delta=-0.032% sharpe=-3.686 dd=-344.142% n_cyc=20 n_ord=139 reco=neutral
  v3 (loose_score) : ret=-300.172% delta=-5.198% sharpe=-3.589 dd=-345.831% n_cyc=20 n_ord=137 reco=reject
  v4 (defensive_crypto) : ret=-305.016% delta=-10.042% sharpe=-3.589 dd=-342.376% n_cyc=20 n_ord=137 reco=reject

==============================================================================
PERF ROLLING DONE
  rows inserted : 4
  as_of_day     : 2026-08-23
  window_days   : 30
==============================================================================
[2026-08-23 22:00:03] [1/2] exit=0
[2026-08-23 22:00:03] [2/2] Run shadow_memo_generator.py --force ...
======================================================================
SHADOW MEMO GENERATOR - Jalon 9.5b
DB : C:\Users\RichardGUELIN\Prod\ThesiumDesk\thesium.db
Force : True | Variant filter : None
======================================================================
as_of_day : 2026-08-23 | rows a traiter : 4

[VARIANT 1] prod
[PPLX-shadow_memo_prod] OK en 2.9s, 0 sources
    | VERDICT : Aucun Úcart: rester en observation
    | 
    | JUSTIFICATION

[VARIANT 2] tight_conv
[PPLX-shadow_memo_tight_conv] OK en 2.7s, 0 sources
    | VERDICT : Aucun gain; risque lÚgÞrement supÚrieur Ó la prod
    | 
    | JUSTIFICATION

[VARIANT 3] loose_score
[PPLX-shadow_memo_loose_score] OK en 2.7s, 0 sources
    | VERDICT : Sous-performe la prod, Ó rejeter
    | 
    | JUSTIFICATION

[VARIANT 4] defensive_crypto
[PPLX-shadow_memo_defensive_crypto] OK en 2.5s, 0 sources
    | VERDICT : Sous-performe la prod, rejeter
    | 
    | JUSTIFICATION

======================================================================
OK : 4 | SKIP : 0 | ERR : 0
======================================================================
[2026-08-23 22:00:15] [2/2] exit=0
[2026-08-23 22:00:15] SHADOW CRON END (exit perf=0 memo=0)
