[2026-09-02 22:00:02] ==========================================
[2026-09-02 22:00:02] SHADOW CRON START (perf-rolling + memo)
[2026-09-02 22:00:02] ==========================================
[2026-09-02 22:00:02] [1/2] Run shadow_perf_rolling_j30.py ...
==============================================================================
SHADOW PERF ROLLING J-30
DB        : C:\Users\RichardGUELIN\Prod\ThesiumDesk\thesium.db
Window    : 2026-08-03 -> 2026-09-02 (30 jours)
==============================================================================

Variants actifs : [(1, 'prod'), (2, 'tight_conv'), (3, 'loose_score'), (4, 'defensive_crypto')]

[1/2] Compute baseline (variant_id=1 = prod)
  prod : nav_final=-1904369.8368411418 return=-290.437% sharpe=-4.759188350251385 max_dd=-413.906% n_cyc=21 n_ord=131

[2/2] Compute variants + insert

  v1 (prod) : ret=-290.437% delta=0.000% sharpe=-4.759 dd=-413.906% n_cyc=21 n_ord=131 reco=neutral
  v2 (tight_conv) : ret=-288.144% delta=2.293% sharpe=-4.673 dd=-432.730% n_cyc=21 n_ord=133 reco=champion
  v3 (loose_score) : ret=-294.869% delta=-4.432% sharpe=-4.744 dd=-422.937% n_cyc=21 n_ord=131 reco=reject
  v4 (defensive_crypto) : ret=-299.402% delta=-8.965% sharpe=-4.756 dd=-422.397% n_cyc=21 n_ord=131 reco=reject

==============================================================================
PERF ROLLING DONE
  rows inserted : 4
  as_of_day     : 2026-09-02
  window_days   : 30
==============================================================================
[2026-09-02 22:00:02] [1/2] exit=0
[2026-09-02 22:00:02] [2/2] Run shadow_memo_generator.py --force ...
======================================================================
SHADOW MEMO GENERATOR - Jalon 9.5b
DB : C:\Users\RichardGUELIN\Prod\ThesiumDesk\thesium.db
Force : True | Variant filter : None
======================================================================
as_of_day : 2026-09-02 | rows a traiter : 4

[VARIANT 1] prod
[PPLX-shadow_memo_prod] OK en 3.7s, 0 sources
    | VERDICT : Neutre: aucune amÚlioration vs prod
    | 
    | JUSTIFICATION

[VARIANT 2] tight_conv
[PPLX-shadow_memo_tight_conv] OK en 3.2s, 0 sources
    | VERDICT : Gain insuffisant, risque en hausse
    | 
    | JUSTIFICATION

[VARIANT 3] loose_score
[PPLX-shadow_memo_loose_score] OK en 3.8s, 0 sources
    | VERDICT : Sous-performe et dÚgrade le drawdown : rejet
    | 
    | JUSTIFICATION

[VARIANT 4] defensive_crypto
[PPLX-shadow_memo_defensive_crypto] OK en 4.0s, 0 sources
    | VERDICT : Sous-performe et dÚgrade le risque : rejet
    | 
    | JUSTIFICATION

======================================================================
OK : 4 | SKIP : 0 | ERR : 0
======================================================================
[2026-09-02 22:00:18] [2/2] exit=0
[2026-09-02 22:00:18] SHADOW CRON END (exit perf=0 memo=0)
