[2026-07-24 22:00:02] ==========================================
[2026-07-24 22:00:02] SHADOW CRON START (perf-rolling + memo)
[2026-07-24 22:00:02] ==========================================
[2026-07-24 22:00:02] [1/2] Run shadow_perf_rolling_j30.py ...
==============================================================================
SHADOW PERF ROLLING J-30
DB        : C:\Users\RichardGUELIN\Prod\ThesiumDesk\thesium.db
Window    : 2026-06-24 -> 2026-07-24 (30 jours)
==============================================================================

Variants actifs : [(1, 'prod'), (2, 'tight_conv'), (3, 'loose_score'), (4, 'defensive_crypto')]

[1/2] Compute baseline (variant_id=1 = prod)
  prod : nav_final=845915.0747964755 return=-15.408% sharpe=-1.2966628048882598 max_dd=-59.679% n_cyc=17 n_ord=89

[2/2] Compute variants + insert

  v1 (prod) : ret=-15.408% delta=0.000% sharpe=-1.297 dd=-59.679% n_cyc=17 n_ord=89 reco=neutral
  v2 (tight_conv) : ret=-8.614% delta=6.794% sharpe=-0.936 dd=-60.175% n_cyc=17 n_ord=89 reco=champion
  v3 (loose_score) : ret=-16.191% delta=-0.783% sharpe=-1.261 dd=-60.557% n_cyc=17 n_ord=89 reco=neutral
  v4 (defensive_crypto) : ret=-14.648% delta=0.760% sharpe=-1.173 dd=-59.706% n_cyc=17 n_ord=89 reco=neutral

==============================================================================
PERF ROLLING DONE
  rows inserted : 4
  as_of_day     : 2026-07-24
  window_days   : 30
==============================================================================
[2026-07-24 22:00:02] [1/2] exit=0
[2026-07-24 22:00:02] [2/2] Run shadow_memo_generator.py --force ...
======================================================================
SHADOW MEMO GENERATOR - Jalon 9.5b
DB : C:\Users\RichardGUELIN\Prod\ThesiumDesk\thesium.db
Force : True | Variant filter : None
======================================================================
as_of_day : 2026-07-24 | rows a traiter : 4

[VARIANT 1] prod
[PPLX-shadow_memo_prod] OK en 5.6s, 8 sources
    | VERDICT : +quivalence Ó la prod, mais signal insuffisant
    | 
    | JUSTIFICATION

[VARIANT 2] tight_conv
[PPLX-shadow_memo_tight_conv] OK en 5.7s, 4 sources
    | VERDICT : Gain de retour, mais risque et fiabilitÚ insuffisants
    | 
    | JUSTIFICATION

[VARIANT 3] loose_score
[PPLX-shadow_memo_loose_score] OK en 7.6s, 4 sources
    | VERDICT : LÚgÞre amÚlioration du Sharpe, mais sous-performance globale
    | 
    | JUSTIFICATION

[VARIANT 4] defensive_crypto
[PPLX-shadow_memo_defensive_crypto] OK en 5.5s, 5 sources
    | VERDICT : Neutral, signal trop faible pour promotion
    | 
    | JUSTIFICATION

======================================================================
OK : 4 | SKIP : 0 | ERR : 0
======================================================================
[2026-07-24 22:00:29] [2/2] exit=0
[2026-07-24 22:00:29] SHADOW CRON END (exit perf=0 memo=0)
