[2026-06-14 22:00:02] ==========================================
[2026-06-14 22:00:02] SHADOW CRON START (perf-rolling + memo)
[2026-06-14 22:00:02] ==========================================
[2026-06-14 22:00:02] [1/2] Run shadow_perf_rolling_j30.py ...
==============================================================================
SHADOW PERF ROLLING J-30
DB        : C:\Users\RichardGUELIN\Prod\ThesiumDesk\thesium.db
Window    : 2026-05-15 -> 2026-06-14 (30 jours)
==============================================================================

Variants actifs : [(1, 'prod'), (2, 'tight_conv'), (3, 'loose_score'), (4, 'defensive_crypto')]

[1/2] Compute baseline (variant_id=1 = prod)
  prod : nav_final=1200053.2280830892 return=20.005% sharpe=3.439729898844734 max_dd=-7.551% n_cyc=15 n_ord=208

[2/2] Compute variants + insert

  v1 (prod) : ret=20.005% delta=0.000% sharpe=3.440 dd=-7.551% n_cyc=15 n_ord=208 reco=neutral
  v2 (tight_conv) : ret=23.638% delta=3.633% sharpe=3.820 dd=-6.968% n_cyc=15 n_ord=227 reco=champion
  v3 (loose_score) : ret=20.055% delta=0.050% sharpe=3.436 dd=-7.457% n_cyc=15 n_ord=209 reco=neutral
  v4 (defensive_crypto) : ret=19.742% delta=-0.263% sharpe=3.393 dd=-7.558% n_cyc=15 n_ord=208 reco=neutral

==============================================================================
PERF ROLLING DONE
  rows inserted : 4
  as_of_day     : 2026-06-14
  window_days   : 30
==============================================================================
[2026-06-14 22:00:02] [1/2] exit=0
[2026-06-14 22:00:02] [2/2] Run shadow_memo_generator.py --force ...
======================================================================
SHADOW MEMO GENERATOR - Jalon 9.5b
DB : C:\Users\RichardGUELIN\Prod\ThesiumDesk\thesium.db
Force : True | Variant filter : None
======================================================================
as_of_day : 2026-06-14 | rows a traiter : 4

[VARIANT 1] prod
[PPLX-shadow_memo_prod] OK en 5.4s, 10 sources
    | VERDICT : NeutralitÚ confirmÚe, pas de signal d'amÚlioration
    | 
    | JUSTIFICATION

[VARIANT 2] tight_conv
[PPLX-shadow_memo_tight_conv] OK en 6.4s, 10 sources
    | VERDICT : Champion, Ó promouvoir sous surveillance
    | 
    | JUSTIFICATION

[VARIANT 3] loose_score
[PPLX-shadow_memo_loose_score] OK en 6.2s, 10 sources
    | VERDICT : NeutralitÚ confirmÚe, pas d'edge suffisant
    | 
    | JUSTIFICATION

[VARIANT 4] defensive_crypto
[PPLX-shadow_memo_defensive_crypto] OK en 5.8s, 10 sources
    | VERDICT : Neutre, pas de signal de surperformance
    | 
    | JUSTIFICATION

======================================================================
OK : 4 | SKIP : 0 | ERR : 0
======================================================================
[2026-06-14 22:00:28] [2/2] exit=0
[2026-06-14 22:00:28] SHADOW CRON END (exit perf=0 memo=0)
