[2026-06-25 00:00:39] ==========================================
[2026-06-25 00:00:39] SHADOW CRON START (perf-rolling + memo)
[2026-06-25 00:00:39] ==========================================
[2026-06-25 00:00:39] [1/2] Run shadow_perf_rolling_j30.py ...
==============================================================================
SHADOW PERF ROLLING J-30
DB        : C:\Users\RichardGUELIN\Prod\ThesiumDesk\thesium.db
Window    : 2026-05-25 -> 2026-06-24 (30 jours)
==============================================================================

Variants actifs : [(1, 'prod'), (2, 'tight_conv'), (3, 'loose_score'), (4, 'defensive_crypto')]

[1/2] Compute baseline (variant_id=1 = prod)
  prod : nav_final=1349153.3903310685 return=34.915% sharpe=3.649037908121423 max_dd=-22.086% n_cyc=18 n_ord=223

[2/2] Compute variants + insert

  v1 (prod) : ret=34.915% delta=0.000% sharpe=3.649 dd=-22.086% n_cyc=18 n_ord=223 reco=neutral
  v2 (tight_conv) : ret=39.728% delta=4.813% sharpe=3.904 dd=-22.365% n_cyc=18 n_ord=242 reco=champion
  v3 (loose_score) : ret=35.111% delta=0.195% sharpe=3.591 dd=-22.771% n_cyc=18 n_ord=224 reco=neutral
  v4 (defensive_crypto) : ret=34.670% delta=-0.246% sharpe=3.613 dd=-22.219% n_cyc=18 n_ord=223 reco=neutral

==============================================================================
PERF ROLLING DONE
  rows inserted : 4
  as_of_day     : 2026-06-24
  window_days   : 30
==============================================================================
[2026-06-25 00:00:39] [1/2] exit=0
[2026-06-25 00:00:39] [2/2] Run shadow_memo_generator.py --force ...
======================================================================
SHADOW MEMO GENERATOR - Jalon 9.5b
DB : C:\Users\RichardGUELIN\Prod\ThesiumDesk\thesium.db
Force : True | Variant filter : None
======================================================================
as_of_day : 2026-06-24 | rows a traiter : 4

[VARIANT 1] prod
[PPLX-shadow_memo_prod] OK en 3.6s, 4 sources
    | VERDICT : Variante shadow 'prod' identique Ó la prod : neutral, observation continue recommand.
    | 
    | JUSTIFICATION

[VARIANT 2] tight_conv
[PPLX-shadow_memo_tight_conv] OK en 4.2s, 8 sources
    | VERDICT : Variante championne : retour supÚrieur, Sharpe amÚliorÚÀÀ, risque stable, Úchantillon valide.
    | 
    | JUSTIFICATION

[VARIANT 3] loose_score
[PPLX-shadow_memo_loose_score] OK en 4.1s, 8 sources
    | VERDICT : Variante neutre : retour lÚgÞrement supÚrieur mais Sharpe et DD infÚ½½rieurs Ó la prod.
    | 
    | JUSTIFICATION

[VARIANT 4] defensive_crypto
[PPLX-shadow_memo_defensive_crypto] OK en 4.9s, 6 sources
    | VERDICT : Variante shadow stable mais lÚgÞrement sous-performante, classement neutral confirmÚ par delta < +2 pts et > -1 pt.
    | 
    | JUSTIFICATION

======================================================================
OK : 4 | SKIP : 0 | ERR : 0
======================================================================
[2026-06-25 00:00:59] [2/2] exit=0
[2026-06-25 00:00:59] SHADOW CRON END (exit perf=0 memo=0)
[2026-06-25 22:00:04] ==========================================
[2026-06-25 22:00:04] SHADOW CRON START (perf-rolling + memo)
[2026-06-25 22:00:04] ==========================================
[2026-06-25 22:00:04] [1/2] Run shadow_perf_rolling_j30.py ...
==============================================================================
SHADOW PERF ROLLING J-30
DB        : C:\Users\RichardGUELIN\Prod\ThesiumDesk\thesium.db
Window    : 2026-05-26 -> 2026-06-25 (30 jours)
==============================================================================

Variants actifs : [(1, 'prod'), (2, 'tight_conv'), (3, 'loose_score'), (4, 'defensive_crypto')]

[1/2] Compute baseline (variant_id=1 = prod)
  prod : nav_final=1438435.0293636257 return=43.844% sharpe=4.259694512677368 max_dd=-22.086% n_cyc=18 n_ord=223

[2/2] Compute variants + insert

  v1 (prod) : ret=43.844% delta=0.000% sharpe=4.260 dd=-22.086% n_cyc=18 n_ord=223 reco=neutral
  v2 (tight_conv) : ret=49.580% delta=5.737% sharpe=4.518 dd=-22.365% n_cyc=18 n_ord=242 reco=champion
  v3 (loose_score) : ret=44.213% delta=0.369% sharpe=4.198 dd=-22.771% n_cyc=18 n_ord=224 reco=neutral
  v4 (defensive_crypto) : ret=43.619% delta=-0.225% sharpe=4.223 dd=-22.219% n_cyc=18 n_ord=223 reco=neutral

==============================================================================
PERF ROLLING DONE
  rows inserted : 4
  as_of_day     : 2026-06-25
  window_days   : 30
==============================================================================
[2026-06-25 22:00:05] [1/2] exit=0
[2026-06-25 22:00:05] [2/2] Run shadow_memo_generator.py --force ...
======================================================================
SHADOW MEMO GENERATOR - Jalon 9.5b
DB : C:\Users\RichardGUELIN\Prod\ThesiumDesk\thesium.db
Force : True | Variant filter : None
======================================================================
as_of_day : 2026-06-25 | rows a traiter : 4

[VARIANT 1] prod
[PPLX-shadow_memo_prod] OK en 3.8s, 3 sources
    | VERDICT : Variante shadow 'prod' identique Ó la prod sur 30 jours, recommandation neutral cohÚ¦¦rente.
    | 
    | JUSTIFICATION

[VARIANT 2] tight_conv
[PPLX-shadow_memo_tight_conv] OK en 3.4s, 8 sources
    | VERDICT : Variante championne : retour supÚrieur, Sharpe meilleur, risque Úquivalent, Úchantillon valide.
    | 
    | JUSTIFICATION

[VARIANT 3] loose_score
[PPLX-shadow_memo_loose_score] OK en 3.8s, 9 sources
    | VERDICT : Variante neutre : retour lÚgÞrement supÚrieur mais Sharpe et DD infÚÀÀrieurs Ó la prod.
    | 
    | JUSTIFICATION

[VARIANT 4] defensive_crypto
[PPLX-shadow_memo_defensive_crypto] OK en 4.4s, 7 sources
    | VERDICT : Variante shadow quasi Úquivalente Ó la prod, delta nÚgligeable, neutralitÚ¦¦ confirmant neutralitÚ¦¦.
    | 
    | JUSTIFICATION

======================================================================
OK : 4 | SKIP : 0 | ERR : 0
======================================================================
[2026-06-25 22:00:22] [2/2] exit=0
[2026-06-25 22:00:22] SHADOW CRON END (exit perf=0 memo=0)
