[2026-07-08 22:00:02] ==========================================
[2026-07-08 22:00:02] SHADOW CRON START (perf-rolling + memo)
[2026-07-08 22:00:02] ==========================================
[2026-07-08 22:00:02] [1/2] Run shadow_perf_rolling_j30.py ...
==============================================================================
SHADOW PERF ROLLING J-30
DB        : C:\Users\RichardGUELIN\Prod\ThesiumDesk\thesium.db
Window    : 2026-06-08 -> 2026-07-08 (30 jours)
==============================================================================

Variants actifs : [(1, 'prod'), (2, 'tight_conv'), (3, 'loose_score'), (4, 'defensive_crypto')]

[1/2] Compute baseline (variant_id=1 = prod)
  prod : nav_final=1013480.0341190016 return=1.348% sharpe=-0.5300466134863503 max_dd=-41.489% n_cyc=15 n_ord=111

[2/2] Compute variants + insert

  v1 (prod) : ret=1.348% delta=0.000% sharpe=-0.530 dd=-41.489% n_cyc=15 n_ord=111 reco=neutral
  v2 (tight_conv) : ret=3.891% delta=2.543% sharpe=-0.465 dd=-42.313% n_cyc=15 n_ord=122 reco=champion
  v3 (loose_score) : ret=0.916% delta=-0.432% sharpe=-0.525 dd=-41.822% n_cyc=15 n_ord=112 reco=neutral
  v4 (defensive_crypto) : ret=0.987% delta=-0.361% sharpe=-0.528 dd=-41.668% n_cyc=15 n_ord=111 reco=neutral

==============================================================================
PERF ROLLING DONE
  rows inserted : 4
  as_of_day     : 2026-07-08
  window_days   : 30
==============================================================================
[2026-07-08 22:00:02] [1/2] exit=0
[2026-07-08 22:00:02] [2/2] Run shadow_memo_generator.py --force ...
======================================================================
SHADOW MEMO GENERATOR - Jalon 9.5b
DB : C:\Users\RichardGUELIN\Prod\ThesiumDesk\thesium.db
Force : True | Variant filter : None
======================================================================
as_of_day : 2026-07-08 | rows a traiter : 4

[VARIANT 1] prod
[PPLX-shadow_memo_prod] OK en 4.5s, 8 sources
    | VERDICT : Variante shadow identique Ó la prod : neutral, observation continue requise.
    | 
    | JUSTIFICATION

[VARIANT 2] tight_conv
[PPLX-shadow_memo_tight_conv] OK en 4.2s, 7 sources
    | VERDICT : Variante champion : retour supÚrieur de +2,543 pts, Sharpe amÚliorÚÀ®, risque DD stable, mais Úchantillon limitÚ.
    | 
    | JUSTIFICATION

[VARIANT 3] loose_score
[PPLX-shadow_memo_loose_score] OK en 4.4s, 9 sources
    | VERDICT : Variante sous-performante sans amÚlioration du Sharpe, observation continue recommandÚÀÀe.
    | 
    | JUSTIFICATION

[VARIANT 4] defensive_crypto
[PPLX-shadow_memo_defensive_crypto] OK en 4.1s, 7 sources
    | VERDICT : Variante sous-performante avec Sharpe nÚgatif et DD accru, observation nÚcessaire.
    | 
    | JUSTIFICATION

======================================================================
OK : 4 | SKIP : 0 | ERR : 0
======================================================================
[2026-07-08 22:00:21] [2/2] exit=0
[2026-07-08 22:00:21] SHADOW CRON END (exit perf=0 memo=0)
