[2026-08-29 22:00:02] ==========================================
[2026-08-29 22:00:02] SHADOW CRON START (perf-rolling + memo)
[2026-08-29 22:00:02] ==========================================
[2026-08-29 22:00:02] [1/2] Run shadow_perf_rolling_j30.py ...
==============================================================================
SHADOW PERF ROLLING J-30
DB        : C:\Users\RichardGUELIN\Prod\ThesiumDesk\thesium.db
Window    : 2026-07-30 -> 2026-08-29 (30 jours)
==============================================================================

Variants actifs : [(1, 'prod'), (2, 'tight_conv'), (3, 'loose_score'), (4, 'defensive_crypto')]

[1/2] Compute baseline (variant_id=1 = prod)
  prod : nav_final=-2154117.1206622142 return=-315.412% sharpe=-4.066762909833667 max_dd=-378.104% n_cyc=21 n_ord=129

[2/2] Compute variants + insert

  v1 (prod) : ret=-315.412% delta=0.000% sharpe=-4.067 dd=-378.104% n_cyc=21 n_ord=129 reco=neutral
  v2 (tight_conv) : ret=-316.466% delta=-1.055% sharpe=-4.156 dd=-384.519% n_cyc=21 n_ord=131 reco=reject
  v3 (loose_score) : ret=-320.123% delta=-4.712% sharpe=-4.060 dd=-384.109% n_cyc=21 n_ord=129 reco=reject
  v4 (defensive_crypto) : ret=-325.264% delta=-9.852% sharpe=-4.066 dd=-382.281% n_cyc=21 n_ord=129 reco=reject

==============================================================================
PERF ROLLING DONE
  rows inserted : 4
  as_of_day     : 2026-08-29
  window_days   : 30
==============================================================================
[2026-08-29 22:00:03] [1/2] exit=0
[2026-08-29 22:00:03] [2/2] Run shadow_memo_generator.py --force ...
======================================================================
SHADOW MEMO GENERATOR - Jalon 9.5b
DB : C:\Users\RichardGUELIN\Prod\ThesiumDesk\thesium.db
Force : True | Variant filter : None
======================================================================
as_of_day : 2026-08-29 | rows a traiter : 4

[VARIANT 1] prod
[PPLX-shadow_memo_prod] OK en 2.3s, 0 sources
    | VERDICT : Neutre: aucune amÚlioration mesurable vs prod
    | 
    | JUSTIFICATION

[VARIANT 2] tight_conv
[PPLX-shadow_memo_tight_conv] OK en 2.7s, 0 sources
    | VERDICT : Sous-performe et augmente le drawdown
    | 
    | JUSTIFICATION

[VARIANT 3] loose_score
[PPLX-shadow_memo_loose_score] OK en 2.6s, 0 sources
    | VERDICT : Sous-performe et dÚgrade le risque, rejet
    | 
    | JUSTIFICATION

[VARIANT 4] defensive_crypto
[PPLX-shadow_memo_defensive_crypto] OK en 4.4s, 0 sources
    | VERDICT : Sous-performe et dÚgrade le drawdown : rejet
    | 
    | JUSTIFICATION

======================================================================
OK : 4 | SKIP : 0 | ERR : 0
======================================================================
[2026-08-29 22:00:17] [2/2] exit=0
[2026-08-29 22:00:17] SHADOW CRON END (exit perf=0 memo=0)
