[2026-08-28 22:00:02] ==========================================
[2026-08-28 22:00:02] SHADOW CRON START (perf-rolling + memo)
[2026-08-28 22:00:02] ==========================================
[2026-08-28 22:00:02] [1/2] Run shadow_perf_rolling_j30.py ...
==============================================================================
SHADOW PERF ROLLING J-30
DB        : C:\Users\RichardGUELIN\Prod\ThesiumDesk\thesium.db
Window    : 2026-07-29 -> 2026-08-28 (30 jours)
==============================================================================

Variants actifs : [(1, 'prod'), (2, 'tight_conv'), (3, 'loose_score'), (4, 'defensive_crypto')]

[1/2] Compute baseline (variant_id=1 = prod)
  prod : nav_final=-2068373.5863725692 return=-306.837% sharpe=-3.982489404128415 max_dd=-378.104% n_cyc=21 n_ord=129

[2/2] Compute variants + insert

  v1 (prod) : ret=-306.837% delta=0.000% sharpe=-3.982 dd=-378.104% n_cyc=21 n_ord=129 reco=neutral
  v2 (tight_conv) : ret=-307.662% delta=-0.824% sharpe=-4.093 dd=-384.519% n_cyc=21 n_ord=131 reco=neutral
  v3 (loose_score) : ret=-310.944% delta=-4.106% sharpe=-3.976 dd=-384.109% n_cyc=21 n_ord=129 reco=reject
  v4 (defensive_crypto) : ret=-315.143% delta=-8.306% sharpe=-3.985 dd=-382.281% n_cyc=21 n_ord=129 reco=reject

==============================================================================
PERF ROLLING DONE
  rows inserted : 4
  as_of_day     : 2026-08-28
  window_days   : 30
==============================================================================
[2026-08-28 22:00:03] [1/2] exit=0
[2026-08-28 22:00:03] [2/2] Run shadow_memo_generator.py --force ...
======================================================================
SHADOW MEMO GENERATOR - Jalon 9.5b
DB : C:\Users\RichardGUELIN\Prod\ThesiumDesk\thesium.db
Force : True | Variant filter : None
======================================================================
as_of_day : 2026-08-28 | rows a traiter : 4

[VARIANT 1] prod
[PPLX-shadow_memo_prod] OK en 3.1s, 0 sources
    | VERDICT : Aucun Úcart vs prod, observation prolongÚe
    | 
    | JUSTIFICATION

[VARIANT 2] tight_conv
[PPLX-shadow_memo_tight_conv] OK en 4.4s, 0 sources
    | VERDICT : Sous-performe et aggrave le drawdown
    | 
    | JUSTIFICATION

[VARIANT 3] loose_score
[PPLX-shadow_memo_loose_score] OK en 2.9s, 0 sources
    | VERDICT : Sous-performe et aggrave le drawdown: rejet
    | 
    | JUSTIFICATION

[VARIANT 4] defensive_crypto
[PPLX-shadow_memo_defensive_crypto] OK en 3.5s, 0 sources
    | VERDICT : Sous-performe la prod, rejet justifiÚ
    | 
    | JUSTIFICATION

======================================================================
OK : 4 | SKIP : 0 | ERR : 0
======================================================================
[2026-08-28 22:00:18] [2/2] exit=0
[2026-08-28 22:00:18] SHADOW CRON END (exit perf=0 memo=0)
