[2026-08-08 22:00:03] ==========================================
[2026-08-08 22:00:03] SHADOW CRON START (perf-rolling + memo)
[2026-08-08 22:00:03] ==========================================
[2026-08-08 22:00:03] [1/2] Run shadow_perf_rolling_j30.py ...
==============================================================================
SHADOW PERF ROLLING J-30
DB        : C:\Users\RichardGUELIN\Prod\ThesiumDesk\thesium.db
Window    : 2026-07-09 -> 2026-08-08 (30 jours)
==============================================================================

Variants actifs : [(1, 'prod'), (2, 'tight_conv'), (3, 'loose_score'), (4, 'defensive_crypto')]

[1/2] Compute baseline (variant_id=1 = prod)
  prod : nav_final=665661.4397699619 return=-33.434% sharpe=-0.3427666627972854 max_dd=-43.584% n_cyc=21 n_ord=118

[2/2] Compute variants + insert

  v1 (prod) : ret=-33.434% delta=0.000% sharpe=-0.343 dd=-43.584% n_cyc=21 n_ord=118 reco=neutral
  v2 (tight_conv) : ret=-36.862% delta=-3.428% sharpe=-0.692 dd=-40.542% n_cyc=21 n_ord=118 reco=reject
  v3 (loose_score) : ret=-34.288% delta=-0.854% sharpe=-0.297 dd=-44.158% n_cyc=21 n_ord=118 reco=neutral
  v4 (defensive_crypto) : ret=-32.420% delta=1.014% sharpe=-0.212 dd=-42.956% n_cyc=21 n_ord=118 reco=champion

==============================================================================
PERF ROLLING DONE
  rows inserted : 4
  as_of_day     : 2026-08-08
  window_days   : 30
==============================================================================
[2026-08-08 22:00:03] [1/2] exit=0
[2026-08-08 22:00:03] [2/2] Run shadow_memo_generator.py --force ...
======================================================================
SHADOW MEMO GENERATOR - Jalon 9.5b
DB : C:\Users\RichardGUELIN\Prod\ThesiumDesk\thesium.db
Force : True | Variant filter : None
======================================================================
as_of_day : 2026-08-08 | rows a traiter : 4

[VARIANT 1] prod
[PPLX-shadow_memo_prod] OK en 4.1s, 20 sources
    | VERDICT : Neutre: aucune amelioration vs prod
    | 
    | JUSTIFICATION

[VARIANT 2] tight_conv
[PPLX-shadow_memo_tight_conv] OK en 4.4s, 20 sources
    | VERDICT : Sous-performe la prod, rejet justifiÚ
    | 
    | JUSTIFICATION

[VARIANT 3] loose_score
[PPLX-shadow_memo_loose_score] OK en 4.8s, 20 sources
    | VERDICT : LÚger retard vs prod, signal insuffisant pour trancher
    | 
    | JUSTIFICATION

[VARIANT 4] defensive_crypto
[PPLX-shadow_memo_defensive_crypto] OK en 4.4s, 20 sources
    | VERDICT : Mieux que la prod, mais pas assez robuste pour promotion
    | 
    | JUSTIFICATION

======================================================================
OK : 4 | SKIP : 0 | ERR : 0
======================================================================
[2026-08-08 22:00:23] [2/2] exit=0
[2026-08-08 22:00:23] SHADOW CRON END (exit perf=0 memo=0)
