[2026-07-02 22:00:03] ==========================================
[2026-07-02 22:00:03] SHADOW CRON START (perf-rolling + memo)
[2026-07-02 22:00:03] ==========================================
[2026-07-02 22:00:03] [1/2] Run shadow_perf_rolling_j30.py ...
==============================================================================
SHADOW PERF ROLLING J-30
DB        : C:\Users\RichardGUELIN\Prod\ThesiumDesk\thesium.db
Window    : 2026-06-02 -> 2026-07-02 (30 jours)
==============================================================================

Variants actifs : [(1, 'prod'), (2, 'tight_conv'), (3, 'loose_score'), (4, 'defensive_crypto')]

[1/2] Compute baseline (variant_id=1 = prod)
  prod : nav_final=971655.9072879222 return=-2.834% sharpe=-0.8087349707034471 max_dd=-31.973% n_cyc=16 n_ord=165

[2/2] Compute variants + insert

  v1 (prod) : ret=-2.834% delta=0.000% sharpe=-0.809 dd=-31.973% n_cyc=16 n_ord=165 reco=neutral
  v2 (tight_conv) : ret=-0.340% delta=2.495% sharpe=-0.629 dd=-33.142% n_cyc=16 n_ord=180 reco=champion
  v3 (loose_score) : ret=-2.968% delta=-0.133% sharpe=-0.783 dd=-32.150% n_cyc=16 n_ord=166 reco=neutral
  v4 (defensive_crypto) : ret=-3.170% delta=-0.336% sharpe=-0.808 dd=-32.090% n_cyc=16 n_ord=165 reco=neutral

==============================================================================
PERF ROLLING DONE
  rows inserted : 4
  as_of_day     : 2026-07-02
  window_days   : 30
==============================================================================
[2026-07-02 22:00:03] [1/2] exit=0
[2026-07-02 22:00:03] [2/2] Run shadow_memo_generator.py --force ...
======================================================================
SHADOW MEMO GENERATOR - Jalon 9.5b
DB : C:\Users\RichardGUELIN\Prod\ThesiumDesk\thesium.db
Force : True | Variant filter : None
======================================================================
as_of_day : 2026-07-02 | rows a traiter : 4

[VARIANT 1] prod
[PPLX-shadow_memo_prod] OK en 4.4s, 9 sources
    | VERDICT : Variante identique Ó la prod, sans avantage, Úchantillon trop faible pour validation.
    | 
    | JUSTIFICATION

[VARIANT 2] tight_conv
[PPLX-shadow_memo_tight_conv] OK en 4.3s, 8 sources
    | VERDICT : Variante championne : meilleur retour et Sharpe, mais DD lÚgÞrement plus ÚlevÚ et Úchantillon trop petit.
    | 
    | JUSTIFICATION

[VARIANT 3] loose_score
[PPLX-shadow_memo_loose_score] OK en 4.3s, 9 sources
    | VERDICT : Variante neutre : retour lÚgÞrement infÚrieur, Sharpe meilleur, risque identique, Úchantillon limitÚ.
    | 
    | JUSTIFICATION

[VARIANT 4] defensive_crypto
[PPLX-shadow_memo_defensive_crypto] OK en 4.5s, 8 sources
    | VERDICT : Variante shadow lÚgÞrement sous-performante, neutral, observation continue recommandee.
    | 
    | JUSTIFICATION

======================================================================
OK : 4 | SKIP : 0 | ERR : 0
======================================================================
[2026-07-02 22:00:22] [2/2] exit=0
[2026-07-02 22:00:22] SHADOW CRON END (exit perf=0 memo=0)
