[2026-06-13 22:00:02] ==========================================
[2026-06-13 22:00:02] SHADOW CRON START (perf-rolling + memo)
[2026-06-13 22:00:02] ==========================================
[2026-06-13 22:00:02] [1/2] Run shadow_perf_rolling_j30.py ...
==============================================================================
SHADOW PERF ROLLING J-30
DB        : C:\Users\RichardGUELIN\Prod\ThesiumDesk\thesium.db
Window    : 2026-05-14 -> 2026-06-13 (30 jours)
==============================================================================

Variants actifs : [(1, 'prod'), (2, 'tight_conv'), (3, 'loose_score'), (4, 'defensive_crypto')]

[1/2] Compute baseline (variant_id=1 = prod)
  prod : nav_final=1168874.0758469396 return=16.887% sharpe=3.057524540201113 max_dd=-7.100% n_cyc=14 n_ord=203

[2/2] Compute variants + insert

  v1 (prod) : ret=16.887% delta=0.000% sharpe=3.058 dd=-7.100% n_cyc=14 n_ord=203 reco=neutral
  v2 (tight_conv) : ret=20.520% delta=3.633% sharpe=3.465 dd=-6.968% n_cyc=14 n_ord=222 reco=champion
  v3 (loose_score) : ret=17.081% delta=0.193% sharpe=3.079 dd=-7.100% n_cyc=14 n_ord=204 reco=neutral
  v4 (defensive_crypto) : ret=16.642% delta=-0.246% sharpe=3.012 dd=-7.115% n_cyc=14 n_ord=203 reco=neutral

==============================================================================
PERF ROLLING DONE
  rows inserted : 4
  as_of_day     : 2026-06-13
  window_days   : 30
==============================================================================
[2026-06-13 22:00:02] [1/2] exit=0
[2026-06-13 22:00:02] [2/2] Run shadow_memo_generator.py --force ...
======================================================================
SHADOW MEMO GENERATOR - Jalon 9.5b
DB : C:\Users\RichardGUELIN\Prod\ThesiumDesk\thesium.db
Force : True | Variant filter : None
======================================================================
as_of_day : 2026-06-13 | rows a traiter : 4

[VARIANT 1] prod
[PPLX-shadow_memo_prod] OK en 5.5s, 10 sources
    | VERDICT : Neutre: aucune amÚlioration vs prod
    | 
    | JUSTIFICATION

[VARIANT 2] tight_conv
[PPLX-shadow_memo_tight_conv] OK en 5.7s, 10 sources
    | VERDICT : Champion, sous rÚserve de robustesse
    | 
    | JUSTIFICATION

[VARIANT 3] loose_score
[PPLX-shadow_memo_loose_score] OK en 5.5s, 10 sources
    | VERDICT : NeutralitÚ confirmÚe, lÚger mieux mais non dÚcisif
    | 
    | JUSTIFICATION

[VARIANT 4] defensive_crypto
[PPLX-shadow_memo_defensive_crypto] OK en 6.4s, 10 sources
    | VERDICT : Neutre : lÚgÞre sous-performance, risque stable
    | 
    | JUSTIFICATION

======================================================================
OK : 4 | SKIP : 0 | ERR : 0
======================================================================
[2026-06-13 22:00:27] [2/2] exit=0
[2026-06-13 22:00:27] SHADOW CRON END (exit perf=0 memo=0)
