[2026-07-22 22:00:03] ==========================================
[2026-07-22 22:00:03] SHADOW CRON START (perf-rolling + memo)
[2026-07-22 22:00:03] ==========================================
[2026-07-22 22:00:03] [1/2] Run shadow_perf_rolling_j30.py ...
==============================================================================
SHADOW PERF ROLLING J-30
DB        : C:\Users\RichardGUELIN\Prod\ThesiumDesk\thesium.db
Window    : 2026-06-22 -> 2026-07-22 (30 jours)
==============================================================================

Variants actifs : [(1, 'prod'), (2, 'tight_conv'), (3, 'loose_score'), (4, 'defensive_crypto')]

[1/2] Compute baseline (variant_id=1 = prod)
  prod : nav_final=612018.823177849 return=-38.798% sharpe=-2.8727625670828814 max_dd=-59.679% n_cyc=15 n_ord=77

[2/2] Compute variants + insert

  v1 (prod) : ret=-38.798% delta=0.000% sharpe=-2.873 dd=-59.679% n_cyc=15 n_ord=77 reco=neutral
  v2 (tight_conv) : ret=-35.983% delta=2.815% sharpe=-2.659 dd=-60.175% n_cyc=15 n_ord=77 reco=champion
  v3 (loose_score) : ret=-39.765% delta=-0.967% sharpe=-2.817 dd=-60.557% n_cyc=15 n_ord=77 reco=neutral
  v4 (defensive_crypto) : ret=-38.424% delta=0.374% sharpe=-2.703 dd=-59.706% n_cyc=15 n_ord=77 reco=neutral

==============================================================================
PERF ROLLING DONE
  rows inserted : 4
  as_of_day     : 2026-07-22
  window_days   : 30
==============================================================================
[2026-07-22 22:00:03] [1/2] exit=0
[2026-07-22 22:00:03] [2/2] Run shadow_memo_generator.py --force ...
======================================================================
SHADOW MEMO GENERATOR - Jalon 9.5b
DB : C:\Users\RichardGUELIN\Prod\ThesiumDesk\thesium.db
Force : True | Variant filter : None
======================================================================
as_of_day : 2026-07-22 | rows a traiter : 4

[VARIANT 1] prod
[PPLX-shadow_memo_prod] OK en 4.2s, 11 sources
    | VERDICT : Aucun Úcart mesurable; observation prudente
    | 
    | JUSTIFICATION

[VARIANT 2] tight_conv
[PPLX-shadow_memo_tight_conv] OK en 4.2s, 8 sources
    | VERDICT : Mieux que la prod, mais pas assez robuste pour promouvoir
    | 
    | JUSTIFICATION

[VARIANT 3] loose_score
[PPLX-shadow_memo_loose_score] OK en 6.1s, 10 sources
    | VERDICT : LÚgÞre sous-performance, signal encore non concluant
    | 
    | JUSTIFICATION

[VARIANT 4] defensive_crypto
[PPLX-shadow_memo_defensive_crypto] OK en 4.1s, 9 sources
    | VERDICT : LÚger mieux, mais pas assez robuste pour promotion
    | 
    | JUSTIFICATION

======================================================================
OK : 4 | SKIP : 0 | ERR : 0
======================================================================
[2026-07-22 22:00:24] [2/2] exit=0
[2026-07-22 22:00:24] SHADOW CRON END (exit perf=0 memo=0)
