[2026-08-12 22:00:03] ==========================================
[2026-08-12 22:00:03] SHADOW CRON START (perf-rolling + memo)
[2026-08-12 22:00:03] ==========================================
[2026-08-12 22:00:03] [1/2] Run shadow_perf_rolling_j30.py ...
==============================================================================
SHADOW PERF ROLLING J-30
DB        : C:\Users\RichardGUELIN\Prod\ThesiumDesk\thesium.db
Window    : 2026-07-13 -> 2026-08-12 (30 jours)
==============================================================================

Variants actifs : [(1, 'prod'), (2, 'tight_conv'), (3, 'loose_score'), (4, 'defensive_crypto')]

[1/2] Compute baseline (variant_id=1 = prod)
  prod : nav_final=637334.7603792865 return=-36.267% sharpe=-0.4710566843159351 max_dd=-43.378% n_cyc=21 n_ord=129

[2/2] Compute variants + insert

  v1 (prod) : ret=-36.267% delta=0.000% sharpe=-0.471 dd=-43.378% n_cyc=21 n_ord=129 reco=neutral
  v2 (tight_conv) : ret=-39.080% delta=-2.813% sharpe=-0.811 dd=-40.459% n_cyc=21 n_ord=130 reco=reject
  v3 (loose_score) : ret=-36.835% delta=-0.568% sharpe=-0.406 dd=-43.863% n_cyc=21 n_ord=129 reco=neutral
  v4 (defensive_crypto) : ret=-34.760% delta=1.507% sharpe=-0.318 dd=-42.808% n_cyc=21 n_ord=129 reco=champion

==============================================================================
PERF ROLLING DONE
  rows inserted : 4
  as_of_day     : 2026-08-12
  window_days   : 30
==============================================================================
[2026-08-12 22:00:03] [1/2] exit=0
[2026-08-12 22:00:03] [2/2] Run shadow_memo_generator.py --force ...
======================================================================
SHADOW MEMO GENERATOR - Jalon 9.5b
DB : C:\Users\RichardGUELIN\Prod\ThesiumDesk\thesium.db
Force : True | Variant filter : None
======================================================================
as_of_day : 2026-08-12 | rows a traiter : 4

[VARIANT 1] prod
[PPLX-shadow_memo_prod] OK en 5.0s, 20 sources
    | VERDICT : Aucune diffÚrence vs prod, signal neutre
    | 
    | JUSTIFICATION

[VARIANT 2] tight_conv
[PPLX-shadow_memo_tight_conv] OK en 4.2s, 20 sources
    | VERDICT : Rejet : sous-performance et Sharpe en baisse
    | 
    | JUSTIFICATION

[VARIANT 3] loose_score
[PPLX-shadow_memo_loose_score] OK en 4.3s, 20 sources
    | VERDICT : Neutral: lÚgÞre sous-performance, Sharpe meilleur
    | 
    | JUSTIFICATION

[VARIANT 4] defensive_crypto
[PPLX-shadow_memo_defensive_crypto] OK en 5.5s, 19 sources
    | VERDICT : AmÚlioration marginale, pas assez robuste pour promouvoir
    | 
    | JUSTIFICATION

======================================================================
OK : 4 | SKIP : 0 | ERR : 0
======================================================================
[2026-08-12 22:00:24] [2/2] exit=0
[2026-08-12 22:00:24] SHADOW CRON END (exit perf=0 memo=0)
