[2026-08-07 22:00:03] ==========================================
[2026-08-07 22:00:03] SHADOW CRON START (perf-rolling + memo)
[2026-08-07 22:00:03] ==========================================
[2026-08-07 22:00:03] [1/2] Run shadow_perf_rolling_j30.py ...
==============================================================================
SHADOW PERF ROLLING J-30
DB        : C:\Users\RichardGUELIN\Prod\ThesiumDesk\thesium.db
Window    : 2026-07-08 -> 2026-08-07 (30 jours)
==============================================================================

Variants actifs : [(1, 'prod'), (2, 'tight_conv'), (3, 'loose_score'), (4, 'defensive_crypto')]

[1/2] Compute baseline (variant_id=1 = prod)
  prod : nav_final=747029.5781020159 return=-25.297% sharpe=0.01000922346875954 max_dd=-44.261% n_cyc=22 n_ord=123

[2/2] Compute variants + insert

  v1 (prod) : ret=-25.297% delta=0.000% sharpe=0.010 dd=-44.261% n_cyc=22 n_ord=123 reco=neutral
  v2 (tight_conv) : ret=-28.720% delta=-3.422% sharpe=-0.347 dd=-41.869% n_cyc=22 n_ord=123 reco=reject
  v3 (loose_score) : ret=-26.242% delta=-0.945% sharpe=0.040 dd=-44.938% n_cyc=22 n_ord=123 reco=neutral
  v4 (defensive_crypto) : ret=-24.282% delta=1.015% sharpe=0.125 dd=-43.683% n_cyc=22 n_ord=123 reco=champion

==============================================================================
PERF ROLLING DONE
  rows inserted : 4
  as_of_day     : 2026-08-07
  window_days   : 30
==============================================================================
[2026-08-07 22:00:04] [1/2] exit=0
[2026-08-07 22:00:04] [2/2] Run shadow_memo_generator.py --force ...
======================================================================
SHADOW MEMO GENERATOR - Jalon 9.5b
DB : C:\Users\RichardGUELIN\Prod\ThesiumDesk\thesium.db
Force : True | Variant filter : None
======================================================================
as_of_day : 2026-08-07 | rows a traiter : 4

[VARIANT 1] prod
[PPLX-shadow_memo_prod] OK en 4.6s, 20 sources
    | VERDICT : Neutral: aucune amÚlioration vs prod
    | 
    | JUSTIFICATION

[VARIANT 2] tight_conv
[PPLX-shadow_memo_tight_conv] OK en 5.4s, 18 sources
    | VERDICT : Rejeter: sous-performance nette et Sharpe dÚgradÚ
    | 
    | JUSTIFICATION

[VARIANT 3] loose_score
[PPLX-shadow_memo_loose_score] OK en 4.4s, 20 sources
    | VERDICT : Neutral, sans avantage Úconomique clair
    | 
    | JUSTIFICATION

[VARIANT 4] defensive_crypto
[PPLX-shadow_memo_defensive_crypto] OK en 5.0s, 17 sources
    | VERDICT : AmÚlioration rÚelle, mais insuffisante pour promouvoir
    | 
    | JUSTIFICATION

======================================================================
OK : 4 | SKIP : 0 | ERR : 0
======================================================================
[2026-08-07 22:00:25] [2/2] exit=0
[2026-08-07 22:00:25] SHADOW CRON END (exit perf=0 memo=0)
