[2026-07-13 22:00:02] ==========================================
[2026-07-13 22:00:02] SHADOW CRON START (perf-rolling + memo)
[2026-07-13 22:00:02] ==========================================
[2026-07-13 22:00:02] [1/2] Run shadow_perf_rolling_j30.py ...
==============================================================================
SHADOW PERF ROLLING J-30
DB        : C:\Users\RichardGUELIN\Prod\ThesiumDesk\thesium.db
Window    : 2026-06-13 -> 2026-07-13 (30 jours)
==============================================================================

Variants actifs : [(1, 'prod'), (2, 'tight_conv'), (3, 'loose_score'), (4, 'defensive_crypto')]

[1/2] Compute baseline (variant_id=1 = prod)
  prod : nav_final=831630.6776784575 return=-16.837% sharpe=-1.6375730066373593 max_dd=-41.776% n_cyc=11 n_ord=55

[2/2] Compute variants + insert

  v1 (prod) : ret=-16.837% delta=0.000% sharpe=-1.638 dd=-41.776% n_cyc=11 n_ord=55 reco=neutral
  v2 (tight_conv) : ret=-15.627% delta=1.210% sharpe=-1.700 dd=-43.398% n_cyc=11 n_ord=55 reco=champion
  v3 (loose_score) : ret=-18.094% delta=-1.257% sharpe=-1.688 dd=-42.727% n_cyc=11 n_ord=55 reco=reject
  v4 (defensive_crypto) : ret=-17.432% delta=-0.595% sharpe=-1.652 dd=-42.093% n_cyc=11 n_ord=55 reco=neutral

==============================================================================
PERF ROLLING DONE
  rows inserted : 4
  as_of_day     : 2026-07-13
  window_days   : 30
==============================================================================
[2026-07-13 22:00:02] [1/2] exit=0
[2026-07-13 22:00:02] [2/2] Run shadow_memo_generator.py --force ...
======================================================================
SHADOW MEMO GENERATOR - Jalon 9.5b
DB : C:\Users\RichardGUELIN\Prod\ThesiumDesk\thesium.db
Force : True | Variant filter : None
======================================================================
as_of_day : 2026-07-13 | rows a traiter : 4

[VARIANT 1] prod
[PPLX-shadow_memo_prod] OK en 5.1s, 9 sources
    | VERDICT : Variante identique Ó prod : neutral, risque ÚlevÚ, sample insuffisant.
    | 
    | JUSTIFICATION

[VARIANT 2] tight_conv
[PPLX-shadow_memo_tight_conv] OK en 4.9s, 7 sources
    | VERDICT : Variante sous-performante en qualitÚ (Sharpe) et risque (DD), classement champion erronÚÀÀ.
    | 
    | JUSTIFICATION

[VARIANT 3] loose_score
[PPLX-shadow_memo_loose_score] OK en 4.5s, 7 sources
    | VERDICT : Rejet : sous-performance (-1.26 pts), Sharpe infÚrieur et DD aggravÚ«« sur ÚÚ««chantillon faible.
    | 
    | JUSTIFICATION

[VARIANT 4] defensive_crypto
[PPLX-shadow_memo_defensive_crypto] OK en 4.4s, 11 sources
    | VERDICT : Sous-performance marginale sans amÚlioration Sharpe ou DD, Úchantillon insuffisant.
    | 
    | JUSTIFICATION

======================================================================
OK : 4 | SKIP : 0 | ERR : 0
======================================================================
[2026-07-13 22:00:23] [2/2] exit=0
[2026-07-13 22:00:23] SHADOW CRON END (exit perf=0 memo=0)
