[2026-08-05 22:00:02] ==========================================
[2026-08-05 22:00:02] SHADOW CRON START (perf-rolling + memo)
[2026-08-05 22:00:02] ==========================================
[2026-08-05 22:00:02] [1/2] Run shadow_perf_rolling_j30.py ...
==============================================================================
SHADOW PERF ROLLING J-30
DB        : C:\Users\RichardGUELIN\Prod\ThesiumDesk\thesium.db
Window    : 2026-07-06 -> 2026-08-05 (30 jours)
==============================================================================

Variants actifs : [(1, 'prod'), (2, 'tight_conv'), (3, 'loose_score'), (4, 'defensive_crypto')]

[1/2] Compute baseline (variant_id=1 = prod)
  prod : nav_final=708385.7266438389 return=-29.161% sharpe=0.4710401227846423 max_dd=-44.261% n_cyc=20 n_ord=111

[2/2] Compute variants + insert

  v1 (prod) : ret=-29.161% delta=0.000% sharpe=0.471 dd=-44.261% n_cyc=20 n_ord=111 reco=neutral
  v2 (tight_conv) : ret=-32.038% delta=-2.877% sharpe=0.180 dd=-41.869% n_cyc=20 n_ord=111 reco=reject
  v3 (loose_score) : ret=-30.194% delta=-1.032% sharpe=0.479 dd=-44.938% n_cyc=20 n_ord=111 reco=reject
  v4 (defensive_crypto) : ret=-28.753% delta=0.408% sharpe=0.550 dd=-43.683% n_cyc=20 n_ord=111 reco=neutral

==============================================================================
PERF ROLLING DONE
  rows inserted : 4
  as_of_day     : 2026-08-05
  window_days   : 30
==============================================================================
[2026-08-05 22:00:03] [1/2] exit=0
[2026-08-05 22:00:03] [2/2] Run shadow_memo_generator.py --force ...
======================================================================
SHADOW MEMO GENERATOR - Jalon 9.5b
DB : C:\Users\RichardGUELIN\Prod\ThesiumDesk\thesium.db
Force : True | Variant filter : None
======================================================================
as_of_day : 2026-08-05 | rows a traiter : 4

[VARIANT 1] prod
[PPLX-shadow_memo_prod] OK en 4.8s, 20 sources
    | VERDICT : Neutre : aucune amÚlioration mesurable vs prod
    | 
    | JUSTIFICATION

[VARIANT 2] tight_conv
[PPLX-shadow_memo_tight_conv] OK en 4.3s, 20 sources
    | VERDICT : Rejet: sous-performe et Sharpe trop faible
    | 
    | JUSTIFICATION

[VARIANT 3] loose_score
[PPLX-shadow_memo_loose_score] OK en 5.0s, 20 sources
    | VERDICT : Rejet: sous-performance brute malgrÚ Sharpe quasi stable
    | 
    | JUSTIFICATION

[VARIANT 4] defensive_crypto
[PPLX-shadow_memo_defensive_crypto] OK en 4.2s, 20 sources
    | VERDICT : LÚgÞre amÚlioration, mais signal encore insuffisant
    | 
    | JUSTIFICATION

======================================================================
OK : 4 | SKIP : 0 | ERR : 0
======================================================================
[2026-08-05 22:00:23] [2/2] exit=0
[2026-08-05 22:00:23] SHADOW CRON END (exit perf=0 memo=0)
