[2026-08-27 22:00:02] ==========================================
[2026-08-27 22:00:02] SHADOW CRON START (perf-rolling + memo)
[2026-08-27 22:00:02] ==========================================
[2026-08-27 22:00:02] [1/2] Run shadow_perf_rolling_j30.py ...
==============================================================================
SHADOW PERF ROLLING J-30
DB        : C:\Users\RichardGUELIN\Prod\ThesiumDesk\thesium.db
Window    : 2026-07-28 -> 2026-08-27 (30 jours)
==============================================================================

Variants actifs : [(1, 'prod'), (2, 'tight_conv'), (3, 'loose_score'), (4, 'defensive_crypto')]

[1/2] Compute baseline (variant_id=1 = prod)
  prod : nav_final=-2431549.0497673135 return=-343.155% sharpe=-3.90227692632281 max_dd=-367.926% n_cyc=21 n_ord=131

[2/2] Compute variants + insert

  v1 (prod) : ret=-343.155% delta=0.000% sharpe=-3.902 dd=-367.926% n_cyc=21 n_ord=131 reco=neutral
  v2 (tight_conv) : ret=-342.013% delta=1.142% sharpe=-3.994 dd=-373.742% n_cyc=21 n_ord=133 reco=champion
  v3 (loose_score) : ret=-347.560% delta=-4.406% sharpe=-3.896 dd=-373.878% n_cyc=21 n_ord=131 reco=reject
  v4 (defensive_crypto) : ret=-352.977% delta=-9.822% sharpe=-3.904 dd=-372.215% n_cyc=21 n_ord=131 reco=reject

==============================================================================
PERF ROLLING DONE
  rows inserted : 4
  as_of_day     : 2026-08-27
  window_days   : 30
==============================================================================
[2026-08-27 22:00:03] [1/2] exit=0
[2026-08-27 22:00:03] [2/2] Run shadow_memo_generator.py --force ...
======================================================================
SHADOW MEMO GENERATOR - Jalon 9.5b
DB : C:\Users\RichardGUELIN\Prod\ThesiumDesk\thesium.db
Force : True | Variant filter : None
======================================================================
as_of_day : 2026-08-27 | rows a traiter : 4

[VARIANT 1] prod
[PPLX-shadow_memo_prod] OK en 4.1s, 0 sources
    | VERDICT : Neutre, aucune amÚlioration vs prod
    | 
    | JUSTIFICATION

[VARIANT 2] tight_conv
[PPLX-shadow_memo_tight_conv] OK en 6.3s, 0 sources
    | VERDICT : Gain insuffisant, risque en hausse
    | 
    | JUSTIFICATION

[VARIANT 3] loose_score
[PPLX-shadow_memo_loose_score] OK en 3.7s, 0 sources
    | VERDICT : Sous-performante et plus risquÚe : rejet
    | 
    | JUSTIFICATION

[VARIANT 4] defensive_crypto
[PPLX-shadow_memo_defensive_crypto] OK en 3.4s, 0 sources
    | VERDICT : Sous-performe: rejet
    | 
    | JUSTIFICATION

======================================================================
OK : 4 | SKIP : 0 | ERR : 0
======================================================================
[2026-08-27 22:00:22] [2/2] exit=0
[2026-08-27 22:00:22] SHADOW CRON END (exit perf=0 memo=0)
